Archive member included to satisfy reference by file (symbol)

c:/program files (x86)/atmel/studio/7.0/toolchain/avr8/avr8-gnu-toolchain/bin/../lib/gcc/avr/5.4.0/../../../../avr/lib/avr5\libm.a(addsf3.o)
                              MCAL/PWM/src/PWM_program.o (__subsf3)
c:/program files (x86)/atmel/studio/7.0/toolchain/avr8/avr8-gnu-toolchain/bin/../lib/gcc/avr/5.4.0/../../../../avr/lib/avr5\libm.a(addsf3x.o)
                              c:/program files (x86)/atmel/studio/7.0/toolchain/avr8/avr8-gnu-toolchain/bin/../lib/gcc/avr/5.4.0/../../../../avr/lib/avr5\libm.a(addsf3.o) (__addsf3x)
c:/program files (x86)/atmel/studio/7.0/toolchain/avr8/avr8-gnu-toolchain/bin/../lib/gcc/avr/5.4.0/../../../../avr/lib/avr5\libm.a(cmpsf2.o)
                              MCAL/PWM/src/PWM_program.o (__lesf2)
c:/program files (x86)/atmel/studio/7.0/toolchain/avr8/avr8-gnu-toolchain/bin/../lib/gcc/avr/5.4.0/../../../../avr/lib/avr5\libm.a(divsf3.o)
                              HAL/SERVO/src/SERVO_program.o (__divsf3)
c:/program files (x86)/atmel/studio/7.0/toolchain/avr8/avr8-gnu-toolchain/bin/../lib/gcc/avr/5.4.0/../../../../avr/lib/avr5\libm.a(divsf3x.o)
                              c:/program files (x86)/atmel/studio/7.0/toolchain/avr8/avr8-gnu-toolchain/bin/../lib/gcc/avr/5.4.0/../../../../avr/lib/avr5\libm.a(divsf3.o) (__divsf3x)
c:/program files (x86)/atmel/studio/7.0/toolchain/avr8/avr8-gnu-toolchain/bin/../lib/gcc/avr/5.4.0/../../../../avr/lib/avr5\libm.a(fixunssfsi.o)
                              MCAL/PWM/src/PWM_program.o (__fixunssfsi)
c:/program files (x86)/atmel/studio/7.0/toolchain/avr8/avr8-gnu-toolchain/bin/../lib/gcc/avr/5.4.0/../../../../avr/lib/avr5\libm.a(floatsisf.o)
                              APP/src/SmartHome_Prog.o (__floatunsisf)
c:/program files (x86)/atmel/studio/7.0/toolchain/avr8/avr8-gnu-toolchain/bin/../lib/gcc/avr/5.4.0/../../../../avr/lib/avr5\libm.a(fp_cmp.o)
                              c:/program files (x86)/atmel/studio/7.0/toolchain/avr8/avr8-gnu-toolchain/bin/../lib/gcc/avr/5.4.0/../../../../avr/lib/avr5\libm.a(cmpsf2.o) (__fp_cmp)
c:/program files (x86)/atmel/studio/7.0/toolchain/avr8/avr8-gnu-toolchain/bin/../lib/gcc/avr/5.4.0/../../../../avr/lib/avr5\libm.a(fp_inf.o)
                              c:/program files (x86)/atmel/studio/7.0/toolchain/avr8/avr8-gnu-toolchain/bin/../lib/gcc/avr/5.4.0/../../../../avr/lib/avr5\libm.a(addsf3x.o) (__fp_inf)
c:/program files (x86)/atmel/studio/7.0/toolchain/avr8/avr8-gnu-toolchain/bin/../lib/gcc/avr/5.4.0/../../../../avr/lib/avr5\libm.a(fp_nan.o)
                              c:/program files (x86)/atmel/studio/7.0/toolchain/avr8/avr8-gnu-toolchain/bin/../lib/gcc/avr/5.4.0/../../../../avr/lib/avr5\libm.a(addsf3x.o) (__fp_nan)
c:/program files (x86)/atmel/studio/7.0/toolchain/avr8/avr8-gnu-toolchain/bin/../lib/gcc/avr/5.4.0/../../../../avr/lib/avr5\libm.a(fp_pscA.o)
                              c:/program files (x86)/atmel/studio/7.0/toolchain/avr8/avr8-gnu-toolchain/bin/../lib/gcc/avr/5.4.0/../../../../avr/lib/avr5\libm.a(addsf3x.o) (__fp_pscA)
c:/program files (x86)/atmel/studio/7.0/toolchain/avr8/avr8-gnu-toolchain/bin/../lib/gcc/avr/5.4.0/../../../../avr/lib/avr5\libm.a(fp_pscB.o)
                              c:/program files (x86)/atmel/studio/7.0/toolchain/avr8/avr8-gnu-toolchain/bin/../lib/gcc/avr/5.4.0/../../../../avr/lib/avr5\libm.a(addsf3x.o) (__fp_pscB)
c:/program files (x86)/atmel/studio/7.0/toolchain/avr8/avr8-gnu-toolchain/bin/../lib/gcc/avr/5.4.0/../../../../avr/lib/avr5\libm.a(fp_round.o)
                              c:/program files (x86)/atmel/studio/7.0/toolchain/avr8/avr8-gnu-toolchain/bin/../lib/gcc/avr/5.4.0/../../../../avr/lib/avr5\libm.a(addsf3.o) (__fp_round)
c:/program files (x86)/atmel/studio/7.0/toolchain/avr8/avr8-gnu-toolchain/bin/../lib/gcc/avr/5.4.0/../../../../avr/lib/avr5\libm.a(fp_split3.o)
                              c:/program files (x86)/atmel/studio/7.0/toolchain/avr8/avr8-gnu-toolchain/bin/../lib/gcc/avr/5.4.0/../../../../avr/lib/avr5\libm.a(addsf3x.o) (__fp_split3)
c:/program files (x86)/atmel/studio/7.0/toolchain/avr8/avr8-gnu-toolchain/bin/../lib/gcc/avr/5.4.0/../../../../avr/lib/avr5\libm.a(fp_zero.o)
                              c:/program files (x86)/atmel/studio/7.0/toolchain/avr8/avr8-gnu-toolchain/bin/../lib/gcc/avr/5.4.0/../../../../avr/lib/avr5\libm.a(addsf3x.o) (__fp_zero)
c:/program files (x86)/atmel/studio/7.0/toolchain/avr8/avr8-gnu-toolchain/bin/../lib/gcc/avr/5.4.0/../../../../avr/lib/avr5\libm.a(mulsf3.o)
                              HAL/SERVO/src/SERVO_program.o (__mulsf3)
c:/program files (x86)/atmel/studio/7.0/toolchain/avr8/avr8-gnu-toolchain/bin/../lib/gcc/avr/5.4.0/../../../../avr/lib/avr5\libm.a(mulsf3x.o)
                              c:/program files (x86)/atmel/studio/7.0/toolchain/avr8/avr8-gnu-toolchain/bin/../lib/gcc/avr/5.4.0/../../../../avr/lib/avr5\libm.a(mulsf3.o) (__mulsf3x)
c:/program files (x86)/atmel/studio/7.0/toolchain/avr8/avr8-gnu-toolchain/bin/../lib/gcc/avr/5.4.0/avr5\libgcc.a(_udivmodsi4.o)
                              HAL/LCD/src/LCD_PROGRAM.o (__udivmodsi4)
c:/program files (x86)/atmel/studio/7.0/toolchain/avr8/avr8-gnu-toolchain/bin/../lib/gcc/avr/5.4.0/avr5\libgcc.a(_exit.o)
                              C:/Program Files (x86)/Atmel/Studio/7.0/Packs/atmel/ATmega_DFP/1.7.374/gcc/dev/atmega32/avr5/crtatmega32.o (exit)
c:/program files (x86)/atmel/studio/7.0/toolchain/avr8/avr8-gnu-toolchain/bin/../lib/gcc/avr/5.4.0/avr5\libgcc.a(_copy_data.o)
                              APP/src/SmartHome_Prog.o (__do_copy_data)
c:/program files (x86)/atmel/studio/7.0/toolchain/avr8/avr8-gnu-toolchain/bin/../lib/gcc/avr/5.4.0/avr5\libgcc.a(_clear_bss.o)
                              APP/src/SmartHome_Prog.o (__do_clear_bss)
c:/program files (x86)/atmel/studio/7.0/toolchain/avr8/avr8-gnu-toolchain/bin/../lib/gcc/avr/5.4.0/../../../../avr/lib/avr5\libc.a(sprintf.o)
                              APP/src/SmartHome_Prog.o (sprintf)
c:/program files (x86)/atmel/studio/7.0/toolchain/avr8/avr8-gnu-toolchain/bin/../lib/gcc/avr/5.4.0/../../../../avr/lib/avr5\libc.a(vfprintf_std.o)
                              c:/program files (x86)/atmel/studio/7.0/toolchain/avr8/avr8-gnu-toolchain/bin/../lib/gcc/avr/5.4.0/../../../../avr/lib/avr5\libc.a(sprintf.o) (vfprintf)
c:/program files (x86)/atmel/studio/7.0/toolchain/avr8/avr8-gnu-toolchain/bin/../lib/gcc/avr/5.4.0/../../../../avr/lib/avr5\libc.a(strnlen_P.o)
                              c:/program files (x86)/atmel/studio/7.0/toolchain/avr8/avr8-gnu-toolchain/bin/../lib/gcc/avr/5.4.0/../../../../avr/lib/avr5\libc.a(vfprintf_std.o) (strnlen_P)
c:/program files (x86)/atmel/studio/7.0/toolchain/avr8/avr8-gnu-toolchain/bin/../lib/gcc/avr/5.4.0/../../../../avr/lib/avr5\libc.a(strnlen.o)
                              c:/program files (x86)/atmel/studio/7.0/toolchain/avr8/avr8-gnu-toolchain/bin/../lib/gcc/avr/5.4.0/../../../../avr/lib/avr5\libc.a(vfprintf_std.o) (strnlen)
c:/program files (x86)/atmel/studio/7.0/toolchain/avr8/avr8-gnu-toolchain/bin/../lib/gcc/avr/5.4.0/../../../../avr/lib/avr5\libc.a(fputc.o)
                              c:/program files (x86)/atmel/studio/7.0/toolchain/avr8/avr8-gnu-toolchain/bin/../lib/gcc/avr/5.4.0/../../../../avr/lib/avr5\libc.a(vfprintf_std.o) (fputc)
c:/program files (x86)/atmel/studio/7.0/toolchain/avr8/avr8-gnu-toolchain/bin/../lib/gcc/avr/5.4.0/../../../../avr/lib/avr5\libc.a(ultoa_invert.o)
                              c:/program files (x86)/atmel/studio/7.0/toolchain/avr8/avr8-gnu-toolchain/bin/../lib/gcc/avr/5.4.0/../../../../avr/lib/avr5\libc.a(vfprintf_std.o) (__ultoa_invert)
c:/program files (x86)/atmel/studio/7.0/toolchain/avr8/avr8-gnu-toolchain/bin/../lib/gcc/avr/5.4.0/avr5\libgcc.a(_prologue.o)
                              c:/program files (x86)/atmel/studio/7.0/toolchain/avr8/avr8-gnu-toolchain/bin/../lib/gcc/avr/5.4.0/../../../../avr/lib/avr5\libc.a(sprintf.o) (__prologue_saves__)
c:/program files (x86)/atmel/studio/7.0/toolchain/avr8/avr8-gnu-toolchain/bin/../lib/gcc/avr/5.4.0/avr5\libgcc.a(_epilogue.o)
                              c:/program files (x86)/atmel/studio/7.0/toolchain/avr8/avr8-gnu-toolchain/bin/../lib/gcc/avr/5.4.0/../../../../avr/lib/avr5\libc.a(sprintf.o) (__epilogue_restores__)

Allocating common symbols
Common symbol       size              file

bluetooh_value      0x1               APP/src/SmartHome_Prog.o
DimmerString        0x14              APP/src/SmartHome_Prog.o
tempString          0x14              APP/src/SmartHome_Prog.o

Discarded input sections

 .data          0x00000000        0x0 C:/Program Files (x86)/Atmel/Studio/7.0/Packs/atmel/ATmega_DFP/1.7.374/gcc/dev/atmega32/avr5/crtatmega32.o
 .bss           0x00000000        0x0 C:/Program Files (x86)/Atmel/Studio/7.0/Packs/atmel/ATmega_DFP/1.7.374/gcc/dev/atmega32/avr5/crtatmega32.o
 .text          0x00000000        0x0 APP/src/SmartHome_Prog.o
 .data          0x00000000        0x0 APP/src/SmartHome_Prog.o
 .bss           0x00000000        0x0 APP/src/SmartHome_Prog.o
 .text          0x00000000        0x0 HAL/BL/src/BL_program.o
 .data          0x00000000        0x0 HAL/BL/src/BL_program.o
 .bss           0x00000000        0x0 HAL/BL/src/BL_program.o
 .text.BL_voidRxString
                0x00000000        0x6 HAL/BL/src/BL_program.o
 .text          0x00000000        0x0 HAL/BUZZER/src/BUZZER_program.o
 .data          0x00000000        0x0 HAL/BUZZER/src/BUZZER_program.o
 .bss           0x00000000        0x0 HAL/BUZZER/src/BUZZER_program.o
 .text.BUZZER_voidOn
                0x00000000        0x8 HAL/BUZZER/src/BUZZER_program.o
 .text.BUZZER_voidOff
                0x00000000        0x8 HAL/BUZZER/src/BUZZER_program.o
 .text.BUZZER_voidToggle
                0x00000000        0x6 HAL/BUZZER/src/BUZZER_program.o
 .text          0x00000000        0x0 HAL/EEPROM/src/EEPROM_program.o
 .data          0x00000000        0x0 HAL/EEPROM/src/EEPROM_program.o
 .bss           0x00000000        0x0 HAL/EEPROM/src/EEPROM_program.o
 .text          0x00000000        0x0 HAL/KPD/src/KeyPad_program.o
 .data          0x00000000        0x0 HAL/KPD/src/KeyPad_program.o
 .bss           0x00000000        0x0 HAL/KPD/src/KeyPad_program.o
 .text          0x00000000        0x0 HAL/LCD/src/LCD_PROGRAM.o
 .data          0x00000000        0x0 HAL/LCD/src/LCD_PROGRAM.o
 .bss           0x00000000        0x0 HAL/LCD/src/LCD_PROGRAM.o
 .text.LCD_voidShiftDisplay
                0x00000000       0x6c HAL/LCD/src/LCD_PROGRAM.o
 .text          0x00000000        0x0 HAL/LED/src/LED_program.o
 .data          0x00000000        0x0 HAL/LED/src/LED_program.o
 .bss           0x00000000        0x0 HAL/LED/src/LED_program.o
 .text.LED_voidToggle
                0x00000000        0x6 HAL/LED/src/LED_program.o
 .text          0x00000000        0x0 HAL/SERVO/src/SERVO_program.o
 .data          0x00000000        0x0 HAL/SERVO/src/SERVO_program.o
 .bss           0x00000000        0x0 HAL/SERVO/src/SERVO_program.o
 .text          0x00000000        0x0 main.o
 .data          0x00000000        0x0 main.o
 .bss           0x00000000        0x0 main.o
 .text          0x00000000        0x0 MCAL/ADC/src/ADC_program.o
 .data          0x00000000        0x0 MCAL/ADC/src/ADC_program.o
 .bss           0x00000000        0x0 MCAL/ADC/src/ADC_program.o
 .text          0x00000000        0x0 MCAL/DIO/src/DIO_program.o
 .data          0x00000000        0x0 MCAL/DIO/src/DIO_program.o
 .bss           0x00000000        0x0 MCAL/DIO/src/DIO_program.o
 .text.DIO_voidTogglePinValue
                0x00000000       0x70 MCAL/DIO/src/DIO_program.o
 .text          0x00000000        0x0 MCAL/GI/src/GI_program.o
 .data          0x00000000        0x0 MCAL/GI/src/GI_program.o
 .bss           0x00000000        0x0 MCAL/GI/src/GI_program.o
 .text.GI_voidDisable
                0x00000000        0x8 MCAL/GI/src/GI_program.o
 .text          0x00000000        0x0 MCAL/PWM/src/PWM_program.o
 .data          0x00000000        0x0 MCAL/PWM/src/PWM_program.o
 .bss           0x00000000        0x0 MCAL/PWM/src/PWM_program.o
 .text          0x00000000        0x0 MCAL/TMR0/src/TMR0_program.o
 .data          0x00000000        0x0 MCAL/TMR0/src/TMR0_program.o
 .bss           0x00000000        0x0 MCAL/TMR0/src/TMR0_program.o
 .text.TMR0_SetCallBackOVF
                0x00000000        0xe MCAL/TMR0/src/TMR0_program.o
 .text          0x00000000        0x0 MCAL/TMR2/src/TMR2_program.o
 .data          0x00000000        0x0 MCAL/TMR2/src/TMR2_program.o
 .bss           0x00000000        0x0 MCAL/TMR2/src/TMR2_program.o
 .text.TMR2_SetCallBackOVF
                0x00000000        0xe MCAL/TMR2/src/TMR2_program.o
 .text          0x00000000        0x0 MCAL/TWI/src/TWI_program.o
 .data          0x00000000        0x0 MCAL/TWI/src/TWI_program.o
 .bss           0x00000000        0x0 MCAL/TWI/src/TWI_program.o
 .text          0x00000000        0x0 MCAL/UART/src/UART_program.o
 .data          0x00000000        0x0 MCAL/UART/src/UART_program.o
 .bss           0x00000000        0x0 MCAL/UART/src/UART_program.o
 .text.UART_voidRxString
                0x00000000       0x36 MCAL/UART/src/UART_program.o
 .text          0x00000000        0x0 c:/program files (x86)/atmel/studio/7.0/toolchain/avr8/avr8-gnu-toolchain/bin/../lib/gcc/avr/5.4.0/../../../../avr/lib/avr5\libm.a(addsf3.o)
 .data          0x00000000        0x0 c:/program files (x86)/atmel/studio/7.0/toolchain/avr8/avr8-gnu-toolchain/bin/../lib/gcc/avr/5.4.0/../../../../avr/lib/avr5\libm.a(addsf3.o)
 .bss           0x00000000        0x0 c:/program files (x86)/atmel/studio/7.0/toolchain/avr8/avr8-gnu-toolchain/bin/../lib/gcc/avr/5.4.0/../../../../avr/lib/avr5\libm.a(addsf3.o)
 .text          0x00000000        0x0 c:/program files (x86)/atmel/studio/7.0/toolchain/avr8/avr8-gnu-toolchain/bin/../lib/gcc/avr/5.4.0/../../../../avr/lib/avr5\libm.a(addsf3x.o)
 .data          0x00000000        0x0 c:/program files (x86)/atmel/studio/7.0/toolchain/avr8/avr8-gnu-toolchain/bin/../lib/gcc/avr/5.4.0/../../../../avr/lib/avr5\libm.a(addsf3x.o)
 .bss           0x00000000        0x0 c:/program files (x86)/atmel/studio/7.0/toolchain/avr8/avr8-gnu-toolchain/bin/../lib/gcc/avr/5.4.0/../../../../avr/lib/avr5\libm.a(addsf3x.o)
 .text          0x00000000        0x0 c:/program files (x86)/atmel/studio/7.0/toolchain/avr8/avr8-gnu-toolchain/bin/../lib/gcc/avr/5.4.0/../../../../avr/lib/avr5\libm.a(cmpsf2.o)
 .data          0x00000000        0x0 c:/program files (x86)/atmel/studio/7.0/toolchain/avr8/avr8-gnu-toolchain/bin/../lib/gcc/avr/5.4.0/../../../../avr/lib/avr5\libm.a(cmpsf2.o)
 .bss           0x00000000        0x0 c:/program files (x86)/atmel/studio/7.0/toolchain/avr8/avr8-gnu-toolchain/bin/../lib/gcc/avr/5.4.0/../../../../avr/lib/avr5\libm.a(cmpsf2.o)
 .text          0x00000000        0x0 c:/program files (x86)/atmel/studio/7.0/toolchain/avr8/avr8-gnu-toolchain/bin/../lib/gcc/avr/5.4.0/../../../../avr/lib/avr5\libm.a(divsf3.o)
 .data          0x00000000        0x0 c:/program files (x86)/atmel/studio/7.0/toolchain/avr8/avr8-gnu-toolchain/bin/../lib/gcc/avr/5.4.0/../../../../avr/lib/avr5\libm.a(divsf3.o)
 .bss           0x00000000        0x0 c:/program files (x86)/atmel/studio/7.0/toolchain/avr8/avr8-gnu-toolchain/bin/../lib/gcc/avr/5.4.0/../../../../avr/lib/avr5\libm.a(divsf3.o)
 .text          0x00000000        0x0 c:/program files (x86)/atmel/studio/7.0/toolchain/avr8/avr8-gnu-toolchain/bin/../lib/gcc/avr/5.4.0/../../../../avr/lib/avr5\libm.a(divsf3x.o)
 .data          0x00000000        0x0 c:/program files (x86)/atmel/studio/7.0/toolchain/avr8/avr8-gnu-toolchain/bin/../lib/gcc/avr/5.4.0/../../../../avr/lib/avr5\libm.a(divsf3x.o)
 .bss           0x00000000        0x0 c:/program files (x86)/atmel/studio/7.0/toolchain/avr8/avr8-gnu-toolchain/bin/../lib/gcc/avr/5.4.0/../../../../avr/lib/avr5\libm.a(divsf3x.o)
 .text          0x00000000        0x0 c:/program files (x86)/atmel/studio/7.0/toolchain/avr8/avr8-gnu-toolchain/bin/../lib/gcc/avr/5.4.0/../../../../avr/lib/avr5\libm.a(fixunssfsi.o)
 .data          0x00000000        0x0 c:/program files (x86)/atmel/studio/7.0/toolchain/avr8/avr8-gnu-toolchain/bin/../lib/gcc/avr/5.4.0/../../../../avr/lib/avr5\libm.a(fixunssfsi.o)
 .bss           0x00000000        0x0 c:/program files (x86)/atmel/studio/7.0/toolchain/avr8/avr8-gnu-toolchain/bin/../lib/gcc/avr/5.4.0/../../../../avr/lib/avr5\libm.a(fixunssfsi.o)
 .text          0x00000000        0x0 c:/program files (x86)/atmel/studio/7.0/toolchain/avr8/avr8-gnu-toolchain/bin/../lib/gcc/avr/5.4.0/../../../../avr/lib/avr5\libm.a(floatsisf.o)
 .data          0x00000000        0x0 c:/program files (x86)/atmel/studio/7.0/toolchain/avr8/avr8-gnu-toolchain/bin/../lib/gcc/avr/5.4.0/../../../../avr/lib/avr5\libm.a(floatsisf.o)
 .bss           0x00000000        0x0 c:/program files (x86)/atmel/studio/7.0/toolchain/avr8/avr8-gnu-toolchain/bin/../lib/gcc/avr/5.4.0/../../../../avr/lib/avr5\libm.a(floatsisf.o)
 .text          0x00000000        0x0 c:/program files (x86)/atmel/studio/7.0/toolchain/avr8/avr8-gnu-toolchain/bin/../lib/gcc/avr/5.4.0/../../../../avr/lib/avr5\libm.a(fp_cmp.o)
 .data          0x00000000        0x0 c:/program files (x86)/atmel/studio/7.0/toolchain/avr8/avr8-gnu-toolchain/bin/../lib/gcc/avr/5.4.0/../../../../avr/lib/avr5\libm.a(fp_cmp.o)
 .bss           0x00000000        0x0 c:/program files (x86)/atmel/studio/7.0/toolchain/avr8/avr8-gnu-toolchain/bin/../lib/gcc/avr/5.4.0/../../../../avr/lib/avr5\libm.a(fp_cmp.o)
 .text          0x00000000        0x0 c:/program files (x86)/atmel/studio/7.0/toolchain/avr8/avr8-gnu-toolchain/bin/../lib/gcc/avr/5.4.0/../../../../avr/lib/avr5\libm.a(fp_inf.o)
 .data          0x00000000        0x0 c:/program files (x86)/atmel/studio/7.0/toolchain/avr8/avr8-gnu-toolchain/bin/../lib/gcc/avr/5.4.0/../../../../avr/lib/avr5\libm.a(fp_inf.o)
 .bss           0x00000000        0x0 c:/program files (x86)/atmel/studio/7.0/toolchain/avr8/avr8-gnu-toolchain/bin/../lib/gcc/avr/5.4.0/../../../../avr/lib/avr5\libm.a(fp_inf.o)
 .text          0x00000000        0x0 c:/program files (x86)/atmel/studio/7.0/toolchain/avr8/avr8-gnu-toolchain/bin/../lib/gcc/avr/5.4.0/../../../../avr/lib/avr5\libm.a(fp_nan.o)
 .data          0x00000000        0x0 c:/program files (x86)/atmel/studio/7.0/toolchain/avr8/avr8-gnu-toolchain/bin/../lib/gcc/avr/5.4.0/../../../../avr/lib/avr5\libm.a(fp_nan.o)
 .bss           0x00000000        0x0 c:/program files (x86)/atmel/studio/7.0/toolchain/avr8/avr8-gnu-toolchain/bin/../lib/gcc/avr/5.4.0/../../../../avr/lib/avr5\libm.a(fp_nan.o)
 .text          0x00000000        0x0 c:/program files (x86)/atmel/studio/7.0/toolchain/avr8/avr8-gnu-toolchain/bin/../lib/gcc/avr/5.4.0/../../../../avr/lib/avr5\libm.a(fp_pscA.o)
 .data          0x00000000        0x0 c:/program files (x86)/atmel/studio/7.0/toolchain/avr8/avr8-gnu-toolchain/bin/../lib/gcc/avr/5.4.0/../../../../avr/lib/avr5\libm.a(fp_pscA.o)
 .bss           0x00000000        0x0 c:/program files (x86)/atmel/studio/7.0/toolchain/avr8/avr8-gnu-toolchain/bin/../lib/gcc/avr/5.4.0/../../../../avr/lib/avr5\libm.a(fp_pscA.o)
 .text          0x00000000        0x0 c:/program files (x86)/atmel/studio/7.0/toolchain/avr8/avr8-gnu-toolchain/bin/../lib/gcc/avr/5.4.0/../../../../avr/lib/avr5\libm.a(fp_pscB.o)
 .data          0x00000000        0x0 c:/program files (x86)/atmel/studio/7.0/toolchain/avr8/avr8-gnu-toolchain/bin/../lib/gcc/avr/5.4.0/../../../../avr/lib/avr5\libm.a(fp_pscB.o)
 .bss           0x00000000        0x0 c:/program files (x86)/atmel/studio/7.0/toolchain/avr8/avr8-gnu-toolchain/bin/../lib/gcc/avr/5.4.0/../../../../avr/lib/avr5\libm.a(fp_pscB.o)
 .text          0x00000000        0x0 c:/program files (x86)/atmel/studio/7.0/toolchain/avr8/avr8-gnu-toolchain/bin/../lib/gcc/avr/5.4.0/../../../../avr/lib/avr5\libm.a(fp_round.o)
 .data          0x00000000        0x0 c:/program files (x86)/atmel/studio/7.0/toolchain/avr8/avr8-gnu-toolchain/bin/../lib/gcc/avr/5.4.0/../../../../avr/lib/avr5\libm.a(fp_round.o)
 .bss           0x00000000        0x0 c:/program files (x86)/atmel/studio/7.0/toolchain/avr8/avr8-gnu-toolchain/bin/../lib/gcc/avr/5.4.0/../../../../avr/lib/avr5\libm.a(fp_round.o)
 .text          0x00000000        0x0 c:/program files (x86)/atmel/studio/7.0/toolchain/avr8/avr8-gnu-toolchain/bin/../lib/gcc/avr/5.4.0/../../../../avr/lib/avr5\libm.a(fp_split3.o)
 .data          0x00000000        0x0 c:/program files (x86)/atmel/studio/7.0/toolchain/avr8/avr8-gnu-toolchain/bin/../lib/gcc/avr/5.4.0/../../../../avr/lib/avr5\libm.a(fp_split3.o)
 .bss           0x00000000        0x0 c:/program files (x86)/atmel/studio/7.0/toolchain/avr8/avr8-gnu-toolchain/bin/../lib/gcc/avr/5.4.0/../../../../avr/lib/avr5\libm.a(fp_split3.o)
 .text          0x00000000        0x0 c:/program files (x86)/atmel/studio/7.0/toolchain/avr8/avr8-gnu-toolchain/bin/../lib/gcc/avr/5.4.0/../../../../avr/lib/avr5\libm.a(fp_zero.o)
 .data          0x00000000        0x0 c:/program files (x86)/atmel/studio/7.0/toolchain/avr8/avr8-gnu-toolchain/bin/../lib/gcc/avr/5.4.0/../../../../avr/lib/avr5\libm.a(fp_zero.o)
 .bss           0x00000000        0x0 c:/program files (x86)/atmel/studio/7.0/toolchain/avr8/avr8-gnu-toolchain/bin/../lib/gcc/avr/5.4.0/../../../../avr/lib/avr5\libm.a(fp_zero.o)
 .text          0x00000000        0x0 c:/program files (x86)/atmel/studio/7.0/toolchain/avr8/avr8-gnu-toolchain/bin/../lib/gcc/avr/5.4.0/../../../../avr/lib/avr5\libm.a(mulsf3.o)
 .data          0x00000000        0x0 c:/program files (x86)/atmel/studio/7.0/toolchain/avr8/avr8-gnu-toolchain/bin/../lib/gcc/avr/5.4.0/../../../../avr/lib/avr5\libm.a(mulsf3.o)
 .bss           0x00000000        0x0 c:/program files (x86)/atmel/studio/7.0/toolchain/avr8/avr8-gnu-toolchain/bin/../lib/gcc/avr/5.4.0/../../../../avr/lib/avr5\libm.a(mulsf3.o)
 .text          0x00000000        0x0 c:/program files (x86)/atmel/studio/7.0/toolchain/avr8/avr8-gnu-toolchain/bin/../lib/gcc/avr/5.4.0/../../../../avr/lib/avr5\libm.a(mulsf3x.o)
 .data          0x00000000        0x0 c:/program files (x86)/atmel/studio/7.0/toolchain/avr8/avr8-gnu-toolchain/bin/../lib/gcc/avr/5.4.0/../../../../avr/lib/avr5\libm.a(mulsf3x.o)
 .bss           0x00000000        0x0 c:/program files (x86)/atmel/studio/7.0/toolchain/avr8/avr8-gnu-toolchain/bin/../lib/gcc/avr/5.4.0/../../../../avr/lib/avr5\libm.a(mulsf3x.o)
 .text          0x00000000        0x0 c:/program files (x86)/atmel/studio/7.0/toolchain/avr8/avr8-gnu-toolchain/bin/../lib/gcc/avr/5.4.0/avr5\libgcc.a(_udivmodsi4.o)
 .data          0x00000000        0x0 c:/program files (x86)/atmel/studio/7.0/toolchain/avr8/avr8-gnu-toolchain/bin/../lib/gcc/avr/5.4.0/avr5\libgcc.a(_udivmodsi4.o)
 .bss           0x00000000        0x0 c:/program files (x86)/atmel/studio/7.0/toolchain/avr8/avr8-gnu-toolchain/bin/../lib/gcc/avr/5.4.0/avr5\libgcc.a(_udivmodsi4.o)
 .text.libgcc.mul
                0x00000000        0x0 c:/program files (x86)/atmel/studio/7.0/toolchain/avr8/avr8-gnu-toolchain/bin/../lib/gcc/avr/5.4.0/avr5\libgcc.a(_udivmodsi4.o)
 .text.libgcc   0x00000000        0x0 c:/program files (x86)/atmel/studio/7.0/toolchain/avr8/avr8-gnu-toolchain/bin/../lib/gcc/avr/5.4.0/avr5\libgcc.a(_udivmodsi4.o)
 .text.libgcc.prologue
                0x00000000        0x0 c:/program files (x86)/atmel/studio/7.0/toolchain/avr8/avr8-gnu-toolchain/bin/../lib/gcc/avr/5.4.0/avr5\libgcc.a(_udivmodsi4.o)
 .text.libgcc.builtins
                0x00000000        0x0 c:/program files (x86)/atmel/studio/7.0/toolchain/avr8/avr8-gnu-toolchain/bin/../lib/gcc/avr/5.4.0/avr5\libgcc.a(_udivmodsi4.o)
 .text.libgcc.fmul
                0x00000000        0x0 c:/program files (x86)/atmel/studio/7.0/toolchain/avr8/avr8-gnu-toolchain/bin/../lib/gcc/avr/5.4.0/avr5\libgcc.a(_udivmodsi4.o)
 .text.libgcc.fixed
                0x00000000        0x0 c:/program files (x86)/atmel/studio/7.0/toolchain/avr8/avr8-gnu-toolchain/bin/../lib/gcc/avr/5.4.0/avr5\libgcc.a(_udivmodsi4.o)
 .text          0x00000000        0x0 c:/program files (x86)/atmel/studio/7.0/toolchain/avr8/avr8-gnu-toolchain/bin/../lib/gcc/avr/5.4.0/avr5\libgcc.a(_exit.o)
 .data          0x00000000        0x0 c:/program files (x86)/atmel/studio/7.0/toolchain/avr8/avr8-gnu-toolchain/bin/../lib/gcc/avr/5.4.0/avr5\libgcc.a(_exit.o)
 .bss           0x00000000        0x0 c:/program files (x86)/atmel/studio/7.0/toolchain/avr8/avr8-gnu-toolchain/bin/../lib/gcc/avr/5.4.0/avr5\libgcc.a(_exit.o)
 .text.libgcc.mul
                0x00000000        0x0 c:/program files (x86)/atmel/studio/7.0/toolchain/avr8/avr8-gnu-toolchain/bin/../lib/gcc/avr/5.4.0/avr5\libgcc.a(_exit.o)
 .text.libgcc.div
                0x00000000        0x0 c:/program files (x86)/atmel/studio/7.0/toolchain/avr8/avr8-gnu-toolchain/bin/../lib/gcc/avr/5.4.0/avr5\libgcc.a(_exit.o)
 .text.libgcc   0x00000000        0x0 c:/program files (x86)/atmel/studio/7.0/toolchain/avr8/avr8-gnu-toolchain/bin/../lib/gcc/avr/5.4.0/avr5\libgcc.a(_exit.o)
 .text.libgcc.prologue
                0x00000000        0x0 c:/program files (x86)/atmel/studio/7.0/toolchain/avr8/avr8-gnu-toolchain/bin/../lib/gcc/avr/5.4.0/avr5\libgcc.a(_exit.o)
 .text.libgcc.builtins
                0x00000000        0x0 c:/program files (x86)/atmel/studio/7.0/toolchain/avr8/avr8-gnu-toolchain/bin/../lib/gcc/avr/5.4.0/avr5\libgcc.a(_exit.o)
 .text.libgcc.fmul
                0x00000000        0x0 c:/program files (x86)/atmel/studio/7.0/toolchain/avr8/avr8-gnu-toolchain/bin/../lib/gcc/avr/5.4.0/avr5\libgcc.a(_exit.o)
 .text.libgcc.fixed
                0x00000000        0x0 c:/program files (x86)/atmel/studio/7.0/toolchain/avr8/avr8-gnu-toolchain/bin/../lib/gcc/avr/5.4.0/avr5\libgcc.a(_exit.o)
 .text          0x00000000        0x0 c:/program files (x86)/atmel/studio/7.0/toolchain/avr8/avr8-gnu-toolchain/bin/../lib/gcc/avr/5.4.0/avr5\libgcc.a(_copy_data.o)
 .data          0x00000000        0x0 c:/program files (x86)/atmel/studio/7.0/toolchain/avr8/avr8-gnu-toolchain/bin/../lib/gcc/avr/5.4.0/avr5\libgcc.a(_copy_data.o)
 .bss           0x00000000        0x0 c:/program files (x86)/atmel/studio/7.0/toolchain/avr8/avr8-gnu-toolchain/bin/../lib/gcc/avr/5.4.0/avr5\libgcc.a(_copy_data.o)
 .text.libgcc.mul
                0x00000000        0x0 c:/program files (x86)/atmel/studio/7.0/toolchain/avr8/avr8-gnu-toolchain/bin/../lib/gcc/avr/5.4.0/avr5\libgcc.a(_copy_data.o)
 .text.libgcc.div
                0x00000000        0x0 c:/program files (x86)/atmel/studio/7.0/toolchain/avr8/avr8-gnu-toolchain/bin/../lib/gcc/avr/5.4.0/avr5\libgcc.a(_copy_data.o)
 .text.libgcc   0x00000000        0x0 c:/program files (x86)/atmel/studio/7.0/toolchain/avr8/avr8-gnu-toolchain/bin/../lib/gcc/avr/5.4.0/avr5\libgcc.a(_copy_data.o)
 .text.libgcc.prologue
                0x00000000        0x0 c:/program files (x86)/atmel/studio/7.0/toolchain/avr8/avr8-gnu-toolchain/bin/../lib/gcc/avr/5.4.0/avr5\libgcc.a(_copy_data.o)
 .text.libgcc.builtins
                0x00000000        0x0 c:/program files (x86)/atmel/studio/7.0/toolchain/avr8/avr8-gnu-toolchain/bin/../lib/gcc/avr/5.4.0/avr5\libgcc.a(_copy_data.o)
 .text.libgcc.fmul
                0x00000000        0x0 c:/program files (x86)/atmel/studio/7.0/toolchain/avr8/avr8-gnu-toolchain/bin/../lib/gcc/avr/5.4.0/avr5\libgcc.a(_copy_data.o)
 .text.libgcc.fixed
                0x00000000        0x0 c:/program files (x86)/atmel/studio/7.0/toolchain/avr8/avr8-gnu-toolchain/bin/../lib/gcc/avr/5.4.0/avr5\libgcc.a(_copy_data.o)
 .text          0x00000000        0x0 c:/program files (x86)/atmel/studio/7.0/toolchain/avr8/avr8-gnu-toolchain/bin/../lib/gcc/avr/5.4.0/avr5\libgcc.a(_clear_bss.o)
 .data          0x00000000        0x0 c:/program files (x86)/atmel/studio/7.0/toolchain/avr8/avr8-gnu-toolchain/bin/../lib/gcc/avr/5.4.0/avr5\libgcc.a(_clear_bss.o)
 .bss           0x00000000        0x0 c:/program files (x86)/atmel/studio/7.0/toolchain/avr8/avr8-gnu-toolchain/bin/../lib/gcc/avr/5.4.0/avr5\libgcc.a(_clear_bss.o)
 .text.libgcc.mul
                0x00000000        0x0 c:/program files (x86)/atmel/studio/7.0/toolchain/avr8/avr8-gnu-toolchain/bin/../lib/gcc/avr/5.4.0/avr5\libgcc.a(_clear_bss.o)
 .text.libgcc.div
                0x00000000        0x0 c:/program files (x86)/atmel/studio/7.0/toolchain/avr8/avr8-gnu-toolchain/bin/../lib/gcc/avr/5.4.0/avr5\libgcc.a(_clear_bss.o)
 .text.libgcc   0x00000000        0x0 c:/program files (x86)/atmel/studio/7.0/toolchain/avr8/avr8-gnu-toolchain/bin/../lib/gcc/avr/5.4.0/avr5\libgcc.a(_clear_bss.o)
 .text.libgcc.prologue
                0x00000000        0x0 c:/program files (x86)/atmel/studio/7.0/toolchain/avr8/avr8-gnu-toolchain/bin/../lib/gcc/avr/5.4.0/avr5\libgcc.a(_clear_bss.o)
 .text.libgcc.builtins
                0x00000000        0x0 c:/program files (x86)/atmel/studio/7.0/toolchain/avr8/avr8-gnu-toolchain/bin/../lib/gcc/avr/5.4.0/avr5\libgcc.a(_clear_bss.o)
 .text.libgcc.fmul
                0x00000000        0x0 c:/program files (x86)/atmel/studio/7.0/toolchain/avr8/avr8-gnu-toolchain/bin/../lib/gcc/avr/5.4.0/avr5\libgcc.a(_clear_bss.o)
 .text.libgcc.fixed
                0x00000000        0x0 c:/program files (x86)/atmel/studio/7.0/toolchain/avr8/avr8-gnu-toolchain/bin/../lib/gcc/avr/5.4.0/avr5\libgcc.a(_clear_bss.o)
 .text          0x00000000        0x0 c:/program files (x86)/atmel/studio/7.0/toolchain/avr8/avr8-gnu-toolchain/bin/../lib/gcc/avr/5.4.0/../../../../avr/lib/avr5\libc.a(sprintf.o)
 .data          0x00000000        0x0 c:/program files (x86)/atmel/studio/7.0/toolchain/avr8/avr8-gnu-toolchain/bin/../lib/gcc/avr/5.4.0/../../../../avr/lib/avr5\libc.a(sprintf.o)
 .bss           0x00000000        0x0 c:/program files (x86)/atmel/studio/7.0/toolchain/avr8/avr8-gnu-toolchain/bin/../lib/gcc/avr/5.4.0/../../../../avr/lib/avr5\libc.a(sprintf.o)
 .text          0x00000000        0x0 c:/program files (x86)/atmel/studio/7.0/toolchain/avr8/avr8-gnu-toolchain/bin/../lib/gcc/avr/5.4.0/../../../../avr/lib/avr5\libc.a(vfprintf_std.o)
 .data          0x00000000        0x0 c:/program files (x86)/atmel/studio/7.0/toolchain/avr8/avr8-gnu-toolchain/bin/../lib/gcc/avr/5.4.0/../../../../avr/lib/avr5\libc.a(vfprintf_std.o)
 .bss           0x00000000        0x0 c:/program files (x86)/atmel/studio/7.0/toolchain/avr8/avr8-gnu-toolchain/bin/../lib/gcc/avr/5.4.0/../../../../avr/lib/avr5\libc.a(vfprintf_std.o)
 .text          0x00000000        0x0 c:/program files (x86)/atmel/studio/7.0/toolchain/avr8/avr8-gnu-toolchain/bin/../lib/gcc/avr/5.4.0/../../../../avr/lib/avr5\libc.a(strnlen_P.o)
 .data          0x00000000        0x0 c:/program files (x86)/atmel/studio/7.0/toolchain/avr8/avr8-gnu-toolchain/bin/../lib/gcc/avr/5.4.0/../../../../avr/lib/avr5\libc.a(strnlen_P.o)
 .bss           0x00000000        0x0 c:/program files (x86)/atmel/studio/7.0/toolchain/avr8/avr8-gnu-toolchain/bin/../lib/gcc/avr/5.4.0/../../../../avr/lib/avr5\libc.a(strnlen_P.o)
 .text          0x00000000        0x0 c:/program files (x86)/atmel/studio/7.0/toolchain/avr8/avr8-gnu-toolchain/bin/../lib/gcc/avr/5.4.0/../../../../avr/lib/avr5\libc.a(strnlen.o)
 .data          0x00000000        0x0 c:/program files (x86)/atmel/studio/7.0/toolchain/avr8/avr8-gnu-toolchain/bin/../lib/gcc/avr/5.4.0/../../../../avr/lib/avr5\libc.a(strnlen.o)
 .bss           0x00000000        0x0 c:/program files (x86)/atmel/studio/7.0/toolchain/avr8/avr8-gnu-toolchain/bin/../lib/gcc/avr/5.4.0/../../../../avr/lib/avr5\libc.a(strnlen.o)
 .text          0x00000000        0x0 c:/program files (x86)/atmel/studio/7.0/toolchain/avr8/avr8-gnu-toolchain/bin/../lib/gcc/avr/5.4.0/../../../../avr/lib/avr5\libc.a(fputc.o)
 .data          0x00000000        0x0 c:/program files (x86)/atmel/studio/7.0/toolchain/avr8/avr8-gnu-toolchain/bin/../lib/gcc/avr/5.4.0/../../../../avr/lib/avr5\libc.a(fputc.o)
 .bss           0x00000000        0x0 c:/program files (x86)/atmel/studio/7.0/toolchain/avr8/avr8-gnu-toolchain/bin/../lib/gcc/avr/5.4.0/../../../../avr/lib/avr5\libc.a(fputc.o)
 .text          0x00000000        0x0 c:/program files (x86)/atmel/studio/7.0/toolchain/avr8/avr8-gnu-toolchain/bin/../lib/gcc/avr/5.4.0/../../../../avr/lib/avr5\libc.a(ultoa_invert.o)
 .data          0x00000000        0x0 c:/program files (x86)/atmel/studio/7.0/toolchain/avr8/avr8-gnu-toolchain/bin/../lib/gcc/avr/5.4.0/../../../../avr/lib/avr5\libc.a(ultoa_invert.o)
 .bss           0x00000000        0x0 c:/program files (x86)/atmel/studio/7.0/toolchain/avr8/avr8-gnu-toolchain/bin/../lib/gcc/avr/5.4.0/../../../../avr/lib/avr5\libc.a(ultoa_invert.o)
 .text          0x00000000        0x0 c:/program files (x86)/atmel/studio/7.0/toolchain/avr8/avr8-gnu-toolchain/bin/../lib/gcc/avr/5.4.0/avr5\libgcc.a(_prologue.o)
 .data          0x00000000        0x0 c:/program files (x86)/atmel/studio/7.0/toolchain/avr8/avr8-gnu-toolchain/bin/../lib/gcc/avr/5.4.0/avr5\libgcc.a(_prologue.o)
 .bss           0x00000000        0x0 c:/program files (x86)/atmel/studio/7.0/toolchain/avr8/avr8-gnu-toolchain/bin/../lib/gcc/avr/5.4.0/avr5\libgcc.a(_prologue.o)
 .text.libgcc.mul
                0x00000000        0x0 c:/program files (x86)/atmel/studio/7.0/toolchain/avr8/avr8-gnu-toolchain/bin/../lib/gcc/avr/5.4.0/avr5\libgcc.a(_prologue.o)
 .text.libgcc.div
                0x00000000        0x0 c:/program files (x86)/atmel/studio/7.0/toolchain/avr8/avr8-gnu-toolchain/bin/../lib/gcc/avr/5.4.0/avr5\libgcc.a(_prologue.o)
 .text.libgcc   0x00000000        0x0 c:/program files (x86)/atmel/studio/7.0/toolchain/avr8/avr8-gnu-toolchain/bin/../lib/gcc/avr/5.4.0/avr5\libgcc.a(_prologue.o)
 .text.libgcc.builtins
                0x00000000        0x0 c:/program files (x86)/atmel/studio/7.0/toolchain/avr8/avr8-gnu-toolchain/bin/../lib/gcc/avr/5.4.0/avr5\libgcc.a(_prologue.o)
 .text.libgcc.fmul
                0x00000000        0x0 c:/program files (x86)/atmel/studio/7.0/toolchain/avr8/avr8-gnu-toolchain/bin/../lib/gcc/avr/5.4.0/avr5\libgcc.a(_prologue.o)
 .text.libgcc.fixed
                0x00000000        0x0 c:/program files (x86)/atmel/studio/7.0/toolchain/avr8/avr8-gnu-toolchain/bin/../lib/gcc/avr/5.4.0/avr5\libgcc.a(_prologue.o)
 .text          0x00000000        0x0 c:/program files (x86)/atmel/studio/7.0/toolchain/avr8/avr8-gnu-toolchain/bin/../lib/gcc/avr/5.4.0/avr5\libgcc.a(_epilogue.o)
 .data          0x00000000        0x0 c:/program files (x86)/atmel/studio/7.0/toolchain/avr8/avr8-gnu-toolchain/bin/../lib/gcc/avr/5.4.0/avr5\libgcc.a(_epilogue.o)
 .bss           0x00000000        0x0 c:/program files (x86)/atmel/studio/7.0/toolchain/avr8/avr8-gnu-toolchain/bin/../lib/gcc/avr/5.4.0/avr5\libgcc.a(_epilogue.o)
 .text.libgcc.mul
                0x00000000        0x0 c:/program files (x86)/atmel/studio/7.0/toolchain/avr8/avr8-gnu-toolchain/bin/../lib/gcc/avr/5.4.0/avr5\libgcc.a(_epilogue.o)
 .text.libgcc.div
                0x00000000        0x0 c:/program files (x86)/atmel/studio/7.0/toolchain/avr8/avr8-gnu-toolchain/bin/../lib/gcc/avr/5.4.0/avr5\libgcc.a(_epilogue.o)
 .text.libgcc   0x00000000        0x0 c:/program files (x86)/atmel/studio/7.0/toolchain/avr8/avr8-gnu-toolchain/bin/../lib/gcc/avr/5.4.0/avr5\libgcc.a(_epilogue.o)
 .text.libgcc.builtins
                0x00000000        0x0 c:/program files (x86)/atmel/studio/7.0/toolchain/avr8/avr8-gnu-toolchain/bin/../lib/gcc/avr/5.4.0/avr5\libgcc.a(_epilogue.o)
 .text.libgcc.fmul
                0x00000000        0x0 c:/program files (x86)/atmel/studio/7.0/toolchain/avr8/avr8-gnu-toolchain/bin/../lib/gcc/avr/5.4.0/avr5\libgcc.a(_epilogue.o)
 .text.libgcc.fixed
                0x00000000        0x0 c:/program files (x86)/atmel/studio/7.0/toolchain/avr8/avr8-gnu-toolchain/bin/../lib/gcc/avr/5.4.0/avr5\libgcc.a(_epilogue.o)

Memory Configuration

Name             Origin             Length             Attributes
text             0x00000000         0x00008000         xr
data             0x00800060         0x00000800         rw !x
eeprom           0x00810000         0x00000400         rw !x
fuse             0x00820000         0x00000002         rw !x
lock             0x00830000         0x00000400         rw !x
signature        0x00840000         0x00000400         rw !x
user_signatures  0x00850000         0x00000400         rw !x
*default*        0x00000000         0xffffffff

Linker script and memory map

LOAD C:/Program Files (x86)/Atmel/Studio/7.0/Packs/atmel/ATmega_DFP/1.7.374/gcc/dev/atmega32/avr5/crtatmega32.o
LOAD APP/src/SmartHome_Prog.o
LOAD HAL/BL/src/BL_program.o
LOAD HAL/BUZZER/src/BUZZER_program.o
LOAD HAL/EEPROM/src/EEPROM_program.o
LOAD HAL/KPD/src/KeyPad_program.o
LOAD HAL/LCD/src/LCD_PROGRAM.o
LOAD HAL/LED/src/LED_program.o
LOAD HAL/SERVO/src/SERVO_program.o
LOAD main.o
LOAD MCAL/ADC/src/ADC_program.o
LOAD MCAL/DIO/src/DIO_program.o
LOAD MCAL/GI/src/GI_program.o
LOAD MCAL/PWM/src/PWM_program.o
LOAD MCAL/TMR0/src/TMR0_program.o
LOAD MCAL/TMR2/src/TMR2_program.o
LOAD MCAL/TWI/src/TWI_program.o
LOAD MCAL/UART/src/UART_program.o
START GROUP
LOAD c:/program files (x86)/atmel/studio/7.0/toolchain/avr8/avr8-gnu-toolchain/bin/../lib/gcc/avr/5.4.0/../../../../avr/lib/avr5\libm.a
END GROUP
START GROUP
LOAD c:/program files (x86)/atmel/studio/7.0/toolchain/avr8/avr8-gnu-toolchain/bin/../lib/gcc/avr/5.4.0/avr5\libgcc.a
LOAD c:/program files (x86)/atmel/studio/7.0/toolchain/avr8/avr8-gnu-toolchain/bin/../lib/gcc/avr/5.4.0/../../../../avr/lib/avr5\libm.a
LOAD c:/program files (x86)/atmel/studio/7.0/toolchain/avr8/avr8-gnu-toolchain/bin/../lib/gcc/avr/5.4.0/../../../../avr/lib/avr5\libc.a
LOAD C:/Program Files (x86)/Atmel/Studio/7.0/Packs/atmel/ATmega_DFP/1.7.374/gcc/dev/atmega32/avr5\libatmega32.a
END GROUP
                0x00000000                __TEXT_REGION_ORIGIN__ = DEFINED (__TEXT_REGION_ORIGIN__)?__TEXT_REGION_ORIGIN__:0x0
                [0x00800060]                __DATA_REGION_ORIGIN__ = DEFINED (__DATA_REGION_ORIGIN__)?__DATA_REGION_ORIGIN__:0x800060
                [0x00008000]                __TEXT_REGION_LENGTH__ = DEFINED (__TEXT_REGION_LENGTH__)?__TEXT_REGION_LENGTH__:0x20000
                [0x00000800]                __DATA_REGION_LENGTH__ = DEFINED (__DATA_REGION_LENGTH__)?__DATA_REGION_LENGTH__:0xffa0
                [0x00000400]                __EEPROM_REGION_LENGTH__ = DEFINED (__EEPROM_REGION_LENGTH__)?__EEPROM_REGION_LENGTH__:0x10000
                [0x00000002]                __FUSE_REGION_LENGTH__ = DEFINED (__FUSE_REGION_LENGTH__)?__FUSE_REGION_LENGTH__:0x400
                0x00000400                __LOCK_REGION_LENGTH__ = DEFINED (__LOCK_REGION_LENGTH__)?__LOCK_REGION_LENGTH__:0x400
                0x00000400                __SIGNATURE_REGION_LENGTH__ = DEFINED (__SIGNATURE_REGION_LENGTH__)?__SIGNATURE_REGION_LENGTH__:0x400
                0x00000400                __USER_SIGNATURE_REGION_LENGTH__ = DEFINED (__USER_SIGNATURE_REGION_LENGTH__)?__USER_SIGNATURE_REGION_LENGTH__:0x400

.hash
 *(.hash)

.dynsym
 *(.dynsym)

.dynstr
 *(.dynstr)

.gnu.version
 *(.gnu.version)

.gnu.version_d
 *(.gnu.version_d)

.gnu.version_r
 *(.gnu.version_r)

.rel.init
 *(.rel.init)

.rela.init
 *(.rela.init)

.rel.text
 *(.rel.text)
 *(.rel.text.*)
 *(.rel.gnu.linkonce.t*)

.rela.text
 *(.rela.text)
 *(.rela.text.*)
 *(.rela.gnu.linkonce.t*)

.rel.fini
 *(.rel.fini)

.rela.fini
 *(.rela.fini)

.rel.rodata
 *(.rel.rodata)
 *(.rel.rodata.*)
 *(.rel.gnu.linkonce.r*)

.rela.rodata
 *(.rela.rodata)
 *(.rela.rodata.*)
 *(.rela.gnu.linkonce.r*)

.rel.data
 *(.rel.data)
 *(.rel.data.*)
 *(.rel.gnu.linkonce.d*)

.rela.data
 *(.rela.data)
 *(.rela.data.*)
 *(.rela.gnu.linkonce.d*)

.rel.ctors
 *(.rel.ctors)

.rela.ctors
 *(.rela.ctors)

.rel.dtors
 *(.rel.dtors)

.rela.dtors
 *(.rela.dtors)

.rel.got
 *(.rel.got)

.rela.got
 *(.rela.got)

.rel.bss
 *(.rel.bss)

.rela.bss
 *(.rela.bss)

.rel.plt
 *(.rel.plt)

.rela.plt
 *(.rela.plt)

.text           0x00000000     0x3f7c
 *(.vectors)
 .vectors       0x00000000       0x54 C:/Program Files (x86)/Atmel/Studio/7.0/Packs/atmel/ATmega_DFP/1.7.374/gcc/dev/atmega32/avr5/crtatmega32.o
                0x00000000                __vector_default
                0x00000000                __vectors
 *(.vectors)
 *(.progmem.gcc*)
                0x00000054                . = ALIGN (0x2)
                0x00000054                __trampolines_start = .
 *(.trampolines)
 .trampolines   0x00000054        0x0 linker stubs
 *(.trampolines*)
                0x00000054                __trampolines_end = .
 *libprintf_flt.a:*(.progmem.data)
 *libc.a:*(.progmem.data)
 *(.progmem*)
                0x00000054                . = ALIGN (0x2)
 *(.jumptables)
 *(.jumptables*)
 *(.lowtext)
 *(.lowtext*)
                0x00000054                __ctors_start = .
 *(.ctors)
                0x00000054                __ctors_end = .
                0x00000054                __dtors_start = .
 *(.dtors)
                0x00000054                __dtors_end = .
 SORT(*)(.ctors)
 SORT(*)(.dtors)
 *(.init0)
 .init0         0x00000054        0x0 C:/Program Files (x86)/Atmel/Studio/7.0/Packs/atmel/ATmega_DFP/1.7.374/gcc/dev/atmega32/avr5/crtatmega32.o
                0x00000054                __init
 *(.init0)
 *(.init1)
 *(.init1)
 *(.init2)
 .init2         0x00000054        0xc C:/Program Files (x86)/Atmel/Studio/7.0/Packs/atmel/ATmega_DFP/1.7.374/gcc/dev/atmega32/avr5/crtatmega32.o
 *(.init2)
 *(.init3)
 *(.init3)
 *(.init4)
 .init4         0x00000060       0x16 c:/program files (x86)/atmel/studio/7.0/toolchain/avr8/avr8-gnu-toolchain/bin/../lib/gcc/avr/5.4.0/avr5\libgcc.a(_copy_data.o)
                0x00000060                __do_copy_data
 .init4         0x00000076       0x10 c:/program files (x86)/atmel/studio/7.0/toolchain/avr8/avr8-gnu-toolchain/bin/../lib/gcc/avr/5.4.0/avr5\libgcc.a(_clear_bss.o)
                0x00000076                __do_clear_bss
 *(.init4)
 *(.init5)
 *(.init5)
 *(.init6)
 *(.init6)
 *(.init7)
 *(.init7)
 *(.init8)
 *(.init8)
 *(.init9)
 .init9         0x00000086        0x8 C:/Program Files (x86)/Atmel/Studio/7.0/Packs/atmel/ATmega_DFP/1.7.374/gcc/dev/atmega32/avr5/crtatmega32.o
 *(.init9)
 *(.text)
 .text          0x0000008e        0x4 C:/Program Files (x86)/Atmel/Studio/7.0/Packs/atmel/ATmega_DFP/1.7.374/gcc/dev/atmega32/avr5/crtatmega32.o
                0x0000008e                __vector_1
                0x0000008e                __vector_12
                0x0000008e                __bad_interrupt
                0x0000008e                __vector_6
                0x0000008e                __vector_3
                0x0000008e                __vector_13
                0x0000008e                __vector_17
                0x0000008e                __vector_19
                0x0000008e                __vector_7
                0x0000008e                __vector_9
                0x0000008e                __vector_2
                0x0000008e                __vector_15
                0x0000008e                __vector_8
                0x0000008e                __vector_14
                0x0000008e                __vector_16
                0x0000008e                __vector_18
                0x0000008e                __vector_20
                0x00000092                . = ALIGN (0x2)
 *(.text.*)
 .text.CheckTempForAc
                0x00000092       0x2e APP/src/SmartHome_Prog.o
                0x00000092                CheckTempForAc
 .text.HOME_voidInit
                0x000000c0       0xa6 APP/src/SmartHome_Prog.o
                0x000000c0                HOME_voidInit
 .text.APP_init
                0x00000166       0xee APP/src/SmartHome_Prog.o
                0x00000166                APP_init
 .text.HOME_voidLocalGetUserAndPass
                0x00000254       0xf6 APP/src/SmartHome_Prog.o
                0x00000254                HOME_voidLocalGetUserAndPass
 .text.HOME_voidRemoteGetUserAndPass
                0x0000034a       0xec APP/src/SmartHome_Prog.o
                0x0000034a                HOME_voidRemoteGetUserAndPass
 .text.HOME_voidCheckUserAndPass
                0x00000436      0x3c2 APP/src/SmartHome_Prog.o
                0x00000436                HOME_voidCheckUserAndPass
 .text.GetUserType
                0x000007f8       0x74 APP/src/SmartHome_Prog.o
                0x000007f8                GetUserType
 .text.HOME_voidChangeUserNameAndPass
                0x0000086c      0x160 APP/src/SmartHome_Prog.o
                0x0000086c                HOME_voidChangeUserNameAndPass
 .text.HOME_voidFireAnALarm
                0x000009cc       0x2e APP/src/SmartHome_Prog.o
                0x000009cc                HOME_voidFireAnALarm
 .text.KPD_Interface_RemoteAdmin
                0x000009fa      0x900 APP/src/SmartHome_Prog.o
                0x000009fa                KPD_Interface_RemoteAdmin
 .text.KPD_Interface_RemoteUser
                0x000012fa      0x83a APP/src/SmartHome_Prog.o
                0x000012fa                KPD_Interface_RemoteUser
 .text.WelcomeScreenRemote
                0x00001b34       0x10 APP/src/SmartHome_Prog.o
                0x00001b34                WelcomeScreenRemote
 .text.WelcomeScreenLocal
                0x00001b44       0x2a APP/src/SmartHome_Prog.o
                0x00001b44                WelcomeScreenLocal
 .text.Display_Remotetemp
                0x00001b6e       0x42 APP/src/SmartHome_Prog.o
                0x00001b6e                Display_Remotetemp
 .text.Idle_RemoteAction
                0x00001bb0       0x2e APP/src/SmartHome_Prog.o
                0x00001bb0                Idle_RemoteAction
 .text.Display_temp
                0x00001bde       0x22 APP/src/SmartHome_Prog.o
                0x00001bde                Display_temp
 .text.Idle_Action
                0x00001c00       0x4c APP/src/SmartHome_Prog.o
                0x00001c00                Idle_Action
 .text.Reset_AllKPDValues
                0x00001c4c       0x14 APP/src/SmartHome_Prog.o
                0x00001c4c                Reset_AllKPDValues
 .text.KPD_Interface_Localuser
                0x00001c60      0x6e8 APP/src/SmartHome_Prog.o
                0x00001c60                KPD_Interface_Localuser
 .text.BL_voidInit
                0x00002348        0x6 HAL/BL/src/BL_program.o
                0x00002348                BL_voidInit
 .text.BL_voidTxChar
                0x0000234e        0x6 HAL/BL/src/BL_program.o
                0x0000234e                BL_voidTxChar
 .text.BL_voidRxChar
                0x00002354        0x6 HAL/BL/src/BL_program.o
                0x00002354                BL_voidRxChar
 .text.BL_voidRxCharWithTimeout
                0x0000235a        0x6 HAL/BL/src/BL_program.o
                0x0000235a                BL_voidRxCharWithTimeout
 .text.BL_voidTxString
                0x00002360        0x6 HAL/BL/src/BL_program.o
                0x00002360                BL_voidTxString
 .text.BUZZER_voidInit
                0x00002366        0x8 HAL/BUZZER/src/BUZZER_program.o
                0x00002366                BUZZER_voidInit
 .text.EEPROM_voidInit
                0x0000236e        0x6 HAL/EEPROM/src/EEPROM_program.o
                0x0000236e                EEPROM_voidInit
 .text.EEPROM_voidWriteByte
                0x00002374       0x3c HAL/EEPROM/src/EEPROM_program.o
                0x00002374                EEPROM_voidWriteByte
 .text.EEPROM_voidWritePage
                0x000023b0       0x56 HAL/EEPROM/src/EEPROM_program.o
                0x000023b0                EEPROM_voidWritePage
 .text.EEPROM_voidReadByte
                0x00002406       0x50 HAL/EEPROM/src/EEPROM_program.o
                0x00002406                EEPROM_voidReadByte
 .text.EEPROM_voidSequentialRead
                0x00002456       0x80 HAL/EEPROM/src/EEPROM_program.o
                0x00002456                EEPROM_voidSequentialRead
 .text.KPD_voidInit
                0x000024d6       0x68 HAL/KPD/src/KeyPad_program.o
                0x000024d6                KPD_voidInit
 .text.KPD_voidGetValue
                0x0000253e      0x158 HAL/KPD/src/KeyPad_program.o
                0x0000253e                KPD_voidGetValue
 .text.PRV_voidWriteHalfPort
                0x00002696       0x70 HAL/LCD/src/LCD_PROGRAM.o
 .text.LCD_voidSendCommand
                0x00002706       0x6c HAL/LCD/src/LCD_PROGRAM.o
                0x00002706                LCD_voidSendCommand
 .text.LCD_voidInit
                0x00002772       0xc4 HAL/LCD/src/LCD_PROGRAM.o
                0x00002772                LCD_voidInit
 .text.LCD_voidDisplayChar
                0x00002836       0x6c HAL/LCD/src/LCD_PROGRAM.o
                0x00002836                LCD_voidDisplayChar
 .text.LCD_voidDisplayString
                0x000028a2       0x2c HAL/LCD/src/LCD_PROGRAM.o
                0x000028a2                LCD_voidDisplayString
 .text.LCD_voidDisplayStringDelay
                0x000028ce       0x3e HAL/LCD/src/LCD_PROGRAM.o
                0x000028ce                LCD_voidDisplayStringDelay
 .text.LCD_voidDisplayNumber
                0x0000290c       0xa6 HAL/LCD/src/LCD_PROGRAM.o
                0x0000290c                LCD_voidDisplayNumber
 .text.LCD_voidClear
                0x000029b2       0x62 HAL/LCD/src/LCD_PROGRAM.o
                0x000029b2                LCD_voidClear
 .text.LCD_voidShiftCursor
                0x00002a14       0x6c HAL/LCD/src/LCD_PROGRAM.o
                0x00002a14                LCD_voidShiftCursor
 .text.LCD_voidGoTOSpecificPosition
                0x00002a80       0x36 HAL/LCD/src/LCD_PROGRAM.o
                0x00002a80                LCD_voidGoTOSpecificPosition
 .text.LCD_voidPwdEffect
                0x00002ab6       0x20 HAL/LCD/src/LCD_PROGRAM.o
                0x00002ab6                LCD_voidPwdEffect
 .text.LED_voidInit
                0x00002ad6        0x8 HAL/LED/src/LED_program.o
                0x00002ad6                LED_voidInit
 .text.LED_voidOn
                0x00002ade       0x1a HAL/LED/src/LED_program.o
                0x00002ade                LED_voidOn
 .text.LED_voidOff
                0x00002af8       0x1a HAL/LED/src/LED_program.o
                0x00002af8                LED_voidOff
 .text.SERVO_voidInit
                0x00002b12        0xc HAL/SERVO/src/SERVO_program.o
                0x00002b12                SERVO_voidInit
 .text.SERVO_voidStartByAngle
                0x00002b1e       0x32 HAL/SERVO/src/SERVO_program.o
                0x00002b1e                SERVO_voidStartByAngle
 .text.main     0x00002b50       0x4a main.o
                0x00002b50                main
 .text.ADC_voidInit
                0x00002b9a       0x60 MCAL/ADC/src/ADC_program.o
                0x00002b9a                ADC_voidInit
 .text.ADC_voidGetDigitalValue
                0x00002bfa       0x36 MCAL/ADC/src/ADC_program.o
                0x00002bfa                ADC_voidGetDigitalValue
 .text.DIO_voidSetPinDirection
                0x00002c30      0x100 MCAL/DIO/src/DIO_program.o
                0x00002c30                DIO_voidSetPinDirection
 .text.DIO_voidSetPinValue
                0x00002d30      0x100 MCAL/DIO/src/DIO_program.o
                0x00002d30                DIO_voidSetPinValue
 .text.DIO_voidGetPinValue
                0x00002e30       0x76 MCAL/DIO/src/DIO_program.o
                0x00002e30                DIO_voidGetPinValue
 .text.DIO_voidActivePinInPullUpResistance
                0x00002ea6       0x70 MCAL/DIO/src/DIO_program.o
                0x00002ea6                DIO_voidActivePinInPullUpResistance
 .text.GI_voidEnable
                0x00002f16        0x8 MCAL/GI/src/GI_program.o
                0x00002f16                GI_voidEnable
 .text.PWM_voidInitChannel_1A
                0x00002f1e       0x26 MCAL/PWM/src/PWM_program.o
                0x00002f1e                PWM_voidInitChannel_1A
 .text.PWM_voidInitChannel_1B
                0x00002f44       0x26 MCAL/PWM/src/PWM_program.o
                0x00002f44                PWM_voidInitChannel_1B
 .text.PWM_voidGenerateChannel_1A
                0x00002f6a       0x98 MCAL/PWM/src/PWM_program.o
                0x00002f6a                PWM_voidGenerateChannel_1A
 .text.PWM_voidGenerateChannel_1B
                0x00003002       0x98 MCAL/PWM/src/PWM_program.o
                0x00003002                PWM_voidGenerateChannel_1B
 .text.TMR0_voidInit
                0x0000309a       0x24 MCAL/TMR0/src/TMR0_program.o
                0x0000309a                TMR0_voidInit
 .text.TMR0_voidStart
                0x000030be       0x1c MCAL/TMR0/src/TMR0_program.o
                0x000030be                TMR0_voidStart
 .text.TMR0_voidStop
                0x000030da       0x14 MCAL/TMR0/src/TMR0_program.o
                0x000030da                TMR0_voidStop
 .text.TMR0_SetCallBackCTC
                0x000030ee        0xe MCAL/TMR0/src/TMR0_program.o
                0x000030ee                TMR0_SetCallBackCTC
 .text.TMR0clear_flag
                0x000030fc        0xe MCAL/TMR0/src/TMR0_program.o
                0x000030fc                TMR0clear_flag
 .text.__vector_11
                0x0000310a       0x76 MCAL/TMR0/src/TMR0_program.o
                0x0000310a                __vector_11
 .text.__vector_10
                0x00003180       0x76 MCAL/TMR0/src/TMR0_program.o
                0x00003180                __vector_10
 .text.TMR2_voidInit
                0x000031f6       0x24 MCAL/TMR2/src/TMR2_program.o
                0x000031f6                TMR2_voidInit
 .text.TMR2_voidStart
                0x0000321a       0x1c MCAL/TMR2/src/TMR2_program.o
                0x0000321a                TMR2_voidStart
 .text.TMR2_voidStop
                0x00003236       0x14 MCAL/TMR2/src/TMR2_program.o
                0x00003236                TMR2_voidStop
 .text.TMR2_SetCallBackCTC
                0x0000324a        0xe MCAL/TMR2/src/TMR2_program.o
                0x0000324a                TMR2_SetCallBackCTC
 .text.TMR2_clear_flag
                0x00003258        0xe MCAL/TMR2/src/TMR2_program.o
                0x00003258                TMR2_clear_flag
 .text.__vector_5
                0x00003266       0x76 MCAL/TMR2/src/TMR2_program.o
                0x00003266                __vector_5
 .text.__vector_4
                0x000032dc       0x76 MCAL/TMR2/src/TMR2_program.o
                0x000032dc                __vector_4
 .text.TWI_voidInitMaster
                0x00003352       0x18 MCAL/TWI/src/TWI_program.o
                0x00003352                TWI_voidInitMaster
 .text.TWI_voidSendStartCondition
                0x0000336a       0x1c MCAL/TWI/src/TWI_program.o
                0x0000336a                TWI_voidSendStartCondition
 .text.TWI_voidSendRepeatedStartCondition
                0x00003386       0x1c MCAL/TWI/src/TWI_program.o
                0x00003386                TWI_voidSendRepeatedStartCondition
 .text.TWI_voidSendStopCondition
                0x000033a2        0xe MCAL/TWI/src/TWI_program.o
                0x000033a2                TWI_voidSendStopCondition
 .text.TWI_voidSendSlaveAddWithWrite
                0x000033b0       0x2a MCAL/TWI/src/TWI_program.o
                0x000033b0                TWI_voidSendSlaveAddWithWrite
 .text.TWI_voidSendSlaveAddWithRead
                0x000033da       0x2a MCAL/TWI/src/TWI_program.o
                0x000033da                TWI_voidSendSlaveAddWithRead
 .text.TWI_voidTransmitMasterDataByte
                0x00003404       0x18 MCAL/TWI/src/TWI_program.o
                0x00003404                TWI_voidTransmitMasterDataByte
 .text.TWI_voidRecieveMasterDataByteWithAch
                0x0000341c       0x2c MCAL/TWI/src/TWI_program.o
                0x0000341c                TWI_voidRecieveMasterDataByteWithAch
 .text.TWI_voidRecieveMasterDataByteWithNAch
                0x00003448       0x20 MCAL/TWI/src/TWI_program.o
                0x00003448                TWI_voidRecieveMasterDataByteWithNAch
 .text.UART_voidInit
                0x00003468       0x22 MCAL/UART/src/UART_program.o
                0x00003468                UART_voidInit
 .text.UART_voidTxChar
                0x0000348a        0x8 MCAL/UART/src/UART_program.o
                0x0000348a                UART_voidTxChar
 .text.UART_voidRxChar
                0x00003492       0x10 MCAL/UART/src/UART_program.o
                0x00003492                UART_voidRxChar
 .text.UART_voidTxString
                0x000034a2       0x2c MCAL/UART/src/UART_program.o
                0x000034a2                UART_voidTxString
 .text.UART_voidRxCharWithTimeout
                0x000034ce       0x2e MCAL/UART/src/UART_program.o
                0x000034ce                UART_voidRxCharWithTimeout
 .text.avr-libc.fplib
                0x000034fc        0xe c:/program files (x86)/atmel/studio/7.0/toolchain/avr8/avr8-gnu-toolchain/bin/../lib/gcc/avr/5.4.0/../../../../avr/lib/avr5\libm.a(addsf3.o)
                0x000034fc                __subsf3
                0x000034fe                __addsf3
 .text.avr-libc.fplib
                0x0000350a       0xcc c:/program files (x86)/atmel/studio/7.0/toolchain/avr8/avr8-gnu-toolchain/bin/../lib/gcc/avr/5.4.0/../../../../avr/lib/avr5\libm.a(addsf3x.o)
                0x0000352c                __addsf3x
 .text.avr-libc.fplib
                0x000035d6        0xa c:/program files (x86)/atmel/studio/7.0/toolchain/avr8/avr8-gnu-toolchain/bin/../lib/gcc/avr/5.4.0/../../../../avr/lib/avr5\libm.a(cmpsf2.o)
                0x000035d6                __nesf2
                0x000035d6                __eqsf2
                0x000035d6                __cmpsf2
                0x000035d6                __ltsf2
                0x000035d6                __lesf2
 .text.avr-libc.fplib
                0x000035e0        0x8 c:/program files (x86)/atmel/studio/7.0/toolchain/avr8/avr8-gnu-toolchain/bin/../lib/gcc/avr/5.4.0/../../../../avr/lib/avr5\libm.a(divsf3.o)
                0x000035e0                __divsf3
 .text.avr-libc.fplib
                0x000035e8       0xdc c:/program files (x86)/atmel/studio/7.0/toolchain/avr8/avr8-gnu-toolchain/bin/../lib/gcc/avr/5.4.0/../../../../avr/lib/avr5\libm.a(divsf3x.o)
                0x00003608                __divsf3x
                0x0000360e                __divsf3_pse
 .text.avr-libc.fplib
                0x000036c4       0x5e c:/program files (x86)/atmel/studio/7.0/toolchain/avr8/avr8-gnu-toolchain/bin/../lib/gcc/avr/5.4.0/../../../../avr/lib/avr5\libm.a(fixunssfsi.o)
                0x000036c4                __fixunssfsi
 .text.avr-libc.fplib
                0x00003722       0x7a c:/program files (x86)/atmel/studio/7.0/toolchain/avr8/avr8-gnu-toolchain/bin/../lib/gcc/avr/5.4.0/../../../../avr/lib/avr5\libm.a(floatsisf.o)
                0x00003722                __floatunsisf
                0x00003726                __floatsisf
 .text.avr-libc.fplib
                0x0000379c       0x48 c:/program files (x86)/atmel/studio/7.0/toolchain/avr8/avr8-gnu-toolchain/bin/../lib/gcc/avr/5.4.0/../../../../avr/lib/avr5\libm.a(fp_cmp.o)
                0x0000379c                __fp_cmp
 .text.avr-libc.fplib
                0x000037e4        0xc c:/program files (x86)/atmel/studio/7.0/toolchain/avr8/avr8-gnu-toolchain/bin/../lib/gcc/avr/5.4.0/../../../../avr/lib/avr5\libm.a(fp_inf.o)
                0x000037e4                __fp_inf
 .text.avr-libc.fplib
                0x000037f0        0x6 c:/program files (x86)/atmel/studio/7.0/toolchain/avr8/avr8-gnu-toolchain/bin/../lib/gcc/avr/5.4.0/../../../../avr/lib/avr5\libm.a(fp_nan.o)
                0x000037f0                __fp_nan
 .text.avr-libc.fplib
                0x000037f6        0xe c:/program files (x86)/atmel/studio/7.0/toolchain/avr8/avr8-gnu-toolchain/bin/../lib/gcc/avr/5.4.0/../../../../avr/lib/avr5\libm.a(fp_pscA.o)
                0x000037f6                __fp_pscA
 .text.avr-libc.fplib
                0x00003804        0xe c:/program files (x86)/atmel/studio/7.0/toolchain/avr8/avr8-gnu-toolchain/bin/../lib/gcc/avr/5.4.0/../../../../avr/lib/avr5\libm.a(fp_pscB.o)
                0x00003804                __fp_pscB
 .text.avr-libc.fplib
                0x00003812       0x22 c:/program files (x86)/atmel/studio/7.0/toolchain/avr8/avr8-gnu-toolchain/bin/../lib/gcc/avr/5.4.0/../../../../avr/lib/avr5\libm.a(fp_round.o)
                0x00003812                __fp_round
 .text.avr-libc.fplib
                0x00003834       0x44 c:/program files (x86)/atmel/studio/7.0/toolchain/avr8/avr8-gnu-toolchain/bin/../lib/gcc/avr/5.4.0/../../../../avr/lib/avr5\libm.a(fp_split3.o)
                0x00003834                __fp_split3
                0x00003844                __fp_splitA
 .text.avr-libc.fplib
                0x00003878        0xe c:/program files (x86)/atmel/studio/7.0/toolchain/avr8/avr8-gnu-toolchain/bin/../lib/gcc/avr/5.4.0/../../../../avr/lib/avr5\libm.a(fp_zero.o)
                0x00003878                __fp_zero
                0x0000387a                __fp_szero
 .text.avr-libc.fplib
                0x00003886        0x8 c:/program files (x86)/atmel/studio/7.0/toolchain/avr8/avr8-gnu-toolchain/bin/../lib/gcc/avr/5.4.0/../../../../avr/lib/avr5\libm.a(mulsf3.o)
                0x00003886                __mulsf3
 .text.avr-libc.fplib
                0x0000388e       0xd2 c:/program files (x86)/atmel/studio/7.0/toolchain/avr8/avr8-gnu-toolchain/bin/../lib/gcc/avr/5.4.0/../../../../avr/lib/avr5\libm.a(mulsf3x.o)
                0x000038ac                __mulsf3x
                0x000038b2                __mulsf3_pse
 .text.libgcc.div
                0x00003960       0x44 c:/program files (x86)/atmel/studio/7.0/toolchain/avr8/avr8-gnu-toolchain/bin/../lib/gcc/avr/5.4.0/avr5\libgcc.a(_udivmodsi4.o)
                0x00003960                __udivmodsi4
 .text.avr-libc
                0x000039a4       0x44 c:/program files (x86)/atmel/studio/7.0/toolchain/avr8/avr8-gnu-toolchain/bin/../lib/gcc/avr/5.4.0/../../../../avr/lib/avr5\libc.a(sprintf.o)
                0x000039a4                sprintf
 .text.avr-libc
                0x000039e8      0x3c2 c:/program files (x86)/atmel/studio/7.0/toolchain/avr8/avr8-gnu-toolchain/bin/../lib/gcc/avr/5.4.0/../../../../avr/lib/avr5\libc.a(vfprintf_std.o)
                0x000039e8                vfprintf
 .text.avr-libc
                0x00003daa       0x16 c:/program files (x86)/atmel/studio/7.0/toolchain/avr8/avr8-gnu-toolchain/bin/../lib/gcc/avr/5.4.0/../../../../avr/lib/avr5\libc.a(strnlen_P.o)
                0x00003daa                strnlen_P
 .text.avr-libc
                0x00003dc0       0x16 c:/program files (x86)/atmel/studio/7.0/toolchain/avr8/avr8-gnu-toolchain/bin/../lib/gcc/avr/5.4.0/../../../../avr/lib/avr5\libc.a(strnlen.o)
                0x00003dc0                strnlen
 .text.avr-libc
                0x00003dd6       0x78 c:/program files (x86)/atmel/studio/7.0/toolchain/avr8/avr8-gnu-toolchain/bin/../lib/gcc/avr/5.4.0/../../../../avr/lib/avr5\libc.a(fputc.o)
                0x00003dd6                fputc
 .text.avr-libc
                0x00003e4e       0xbc c:/program files (x86)/atmel/studio/7.0/toolchain/avr8/avr8-gnu-toolchain/bin/../lib/gcc/avr/5.4.0/../../../../avr/lib/avr5\libc.a(ultoa_invert.o)
                0x00003e4e                __ultoa_invert
 .text.libgcc.prologue
                0x00003f0a       0x38 c:/program files (x86)/atmel/studio/7.0/toolchain/avr8/avr8-gnu-toolchain/bin/../lib/gcc/avr/5.4.0/avr5\libgcc.a(_prologue.o)
                0x00003f0a                __prologue_saves__
 .text.libgcc.prologue
                0x00003f42       0x36 c:/program files (x86)/atmel/studio/7.0/toolchain/avr8/avr8-gnu-toolchain/bin/../lib/gcc/avr/5.4.0/avr5\libgcc.a(_epilogue.o)
                0x00003f42                __epilogue_restores__
                0x00003f78                . = ALIGN (0x2)
 *(.fini9)
 .fini9         0x00003f78        0x0 c:/program files (x86)/atmel/studio/7.0/toolchain/avr8/avr8-gnu-toolchain/bin/../lib/gcc/avr/5.4.0/avr5\libgcc.a(_exit.o)
                0x00003f78                _exit
                0x00003f78                exit
 *(.fini9)
 *(.fini8)
 *(.fini8)
 *(.fini7)
 *(.fini7)
 *(.fini6)
 *(.fini6)
 *(.fini5)
 *(.fini5)
 *(.fini4)
 *(.fini4)
 *(.fini3)
 *(.fini3)
 *(.fini2)
 *(.fini2)
 *(.fini1)
 *(.fini1)
 *(.fini0)
 .fini0         0x00003f78        0x4 c:/program files (x86)/atmel/studio/7.0/toolchain/avr8/avr8-gnu-toolchain/bin/../lib/gcc/avr/5.4.0/avr5\libgcc.a(_exit.o)
 *(.fini0)
                0x00003f7c                _etext = .

.data           0x00800060      0x456 load address 0x00003f7c
                0x00800060                PROVIDE (__data_start, .)
 *(.data)
 *(.data*)
 .data.local_KPDSelectValue
                0x00800060        0x1 APP/src/SmartHome_Prog.o
                0x00800060                local_KPDSelectValue
 .data.local_KPDIdleValue
                0x00800061        0x1 APP/src/SmartHome_Prog.o
                0x00800061                local_KPDIdleValue
 .data.local_lightStatus
                0x00800062        0x1 APP/src/SmartHome_Prog.o
                0x00800062                local_lightStatus
 .data.local_lightNum
                0x00800063        0x1 APP/src/SmartHome_Prog.o
                0x00800063                local_lightNum
 .data.Local_copyKPDValue
                0x00800064        0x1 APP/src/SmartHome_Prog.o
                0x00800064                Local_copyKPDValue
 .data.usertype
                0x00800065        0x1 main.o
                0x00800065                usertype
 *(.gnu.linkonce.d*)
 *(.rodata)
 .rodata        0x00800066        0xc HAL/KPD/src/KeyPad_program.o
 *(.rodata*)
 .rodata.str1.1
                0x00800072      0x443 APP/src/SmartHome_Prog.o
                                0x44e (size before relaxing)
 *(.gnu.linkonce.r*)
                0x008004b6                . = ALIGN (0x2)
 *fill*         0x008004b5        0x1 
                0x008004b6                _edata = .
                0x008004b6                PROVIDE (__data_end, .)

.bss            0x008004b6       0x3a
                0x008004b6                PROVIDE (__bss_start, .)
 *(.bss)
 *(.bss*)
 .bss.local_temp
                0x008004b6        0x1 APP/src/SmartHome_Prog.o
                0x008004b6                local_temp
 .bss.dimmer_brightness
                0x008004b7        0x1 APP/src/SmartHome_Prog.o
                0x008004b7                dimmer_brightness
 .bss.led_status
                0x008004b8        0x1 APP/src/SmartHome_Prog.o
                0x008004b8                led_status
 .bss.ac_status
                0x008004b9        0x1 APP/src/SmartHome_Prog.o
                0x008004b9                ac_status
 .bss.door_angle
                0x008004ba        0x1 APP/src/SmartHome_Prog.o
                0x008004ba                door_angle
 .bss.local_u16Counter
                0x008004bb        0x2 MCAL/TMR0/src/TMR0_program.o
 .bss.PRV_pFunCallBackCTC
                0x008004bd        0x2 MCAL/TMR0/src/TMR0_program.o
 .bss.PRV_pFunCallBackOVF
                0x008004bf        0x2 MCAL/TMR0/src/TMR0_program.o
 .bss.local_u16Counter
                0x008004c1        0x2 MCAL/TMR2/src/TMR2_program.o
 .bss.PRV_pFunCallBackCTC
                0x008004c3        0x2 MCAL/TMR2/src/TMR2_program.o
 .bss.PRV_pFunCallBackOVF
                0x008004c5        0x2 MCAL/TMR2/src/TMR2_program.o
 *(COMMON)
 COMMON         0x008004c7       0x29 APP/src/SmartHome_Prog.o
                0x008004c7                bluetooh_value
                0x008004c8                DimmerString
                0x008004dc                tempString
                0x008004f0                PROVIDE (__bss_end, .)
                0x00003f7c                __data_load_start = LOADADDR (.data)
                0x000043d2                __data_load_end = (__data_load_start + SIZEOF (.data))

.noinit         0x008004f0        0x0
                [!provide]                PROVIDE (__noinit_start, .)
 *(.noinit*)
                [!provide]                PROVIDE (__noinit_end, .)
                0x008004f0                _end = .
                [!provide]                PROVIDE (__heap_start, .)

.eeprom         0x00810000        0x0
 *(.eeprom*)
                0x00810000                __eeprom_end = .

.fuse
 *(.fuse)
 *(.lfuse)
 *(.hfuse)
 *(.efuse)

.lock
 *(.lock*)

.signature
 *(.signature*)

.user_signatures
 *(.user_signatures*)

.stab
 *(.stab)

.stabstr
 *(.stabstr)

.stab.excl
 *(.stab.excl)

.stab.exclstr
 *(.stab.exclstr)

.stab.index
 *(.stab.index)

.stab.indexstr
 *(.stab.indexstr)

.comment        0x00000000       0x5c
 *(.comment)
 .comment       0x00000000       0x30 APP/src/SmartHome_Prog.o
                                 0x31 (size before relaxing)
 .comment       0x00000030       0x31 HAL/BL/src/BL_program.o
 .comment       0x00000030       0x31 HAL/BUZZER/src/BUZZER_program.o
 .comment       0x00000030       0x31 HAL/EEPROM/src/EEPROM_program.o
 .comment       0x00000030       0x31 HAL/KPD/src/KeyPad_program.o
 .comment       0x00000030       0x31 HAL/LCD/src/LCD_PROGRAM.o
 .comment       0x00000030       0x31 HAL/LED/src/LED_program.o
 .comment       0x00000030       0x31 HAL/SERVO/src/SERVO_program.o
 .comment       0x00000030       0x31 main.o
 .comment       0x00000030       0x31 MCAL/ADC/src/ADC_program.o
 .comment       0x00000030       0x31 MCAL/DIO/src/DIO_program.o
 .comment       0x00000030       0x31 MCAL/GI/src/GI_program.o
 .comment       0x00000030       0x31 MCAL/PWM/src/PWM_program.o
 .comment       0x00000030       0x31 MCAL/TMR0/src/TMR0_program.o
 .comment       0x00000030       0x31 MCAL/TMR2/src/TMR2_program.o
 .comment       0x00000030       0x31 MCAL/TWI/src/TWI_program.o
 .comment       0x00000030       0x31 MCAL/UART/src/UART_program.o
 .comment       0x00000030       0x31 c:/program files (x86)/atmel/studio/7.0/toolchain/avr8/avr8-gnu-toolchain/bin/../lib/gcc/avr/5.4.0/../../../../avr/lib/avr5\libc.a(sprintf.o)
 .comment       0x00000030       0x2c c:/program files (x86)/atmel/studio/7.0/toolchain/avr8/avr8-gnu-toolchain/bin/../lib/gcc/avr/5.4.0/../../../../avr/lib/avr5\libc.a(vfprintf_std.o)
                                 0x2d (size before relaxing)
 .comment       0x0000005c       0x31 c:/program files (x86)/atmel/studio/7.0/toolchain/avr8/avr8-gnu-toolchain/bin/../lib/gcc/avr/5.4.0/../../../../avr/lib/avr5\libc.a(fputc.o)

.note.gnu.avr.deviceinfo
                0x00000000       0x3c
 .note.gnu.avr.deviceinfo
                0x00000000       0x3c C:/Program Files (x86)/Atmel/Studio/7.0/Packs/atmel/ATmega_DFP/1.7.374/gcc/dev/atmega32/avr5/crtatmega32.o

.note.gnu.build-id
 *(.note.gnu.build-id)

.debug
 *(.debug)

.line
 *(.line)

.debug_srcinfo
 *(.debug_srcinfo)

.debug_sfnames
 *(.debug_sfnames)

.debug_aranges  0x00000000      0x4b0
 *(.debug_aranges)
 .debug_aranges
                0x00000000       0xb0 APP/src/SmartHome_Prog.o
 .debug_aranges
                0x000000b0       0x48 HAL/BL/src/BL_program.o
 .debug_aranges
                0x000000f8       0x38 HAL/BUZZER/src/BUZZER_program.o
 .debug_aranges
                0x00000130       0x40 HAL/EEPROM/src/EEPROM_program.o
 .debug_aranges
                0x00000170       0x28 HAL/KPD/src/KeyPad_program.o
 .debug_aranges
                0x00000198       0x78 HAL/LCD/src/LCD_PROGRAM.o
 .debug_aranges
                0x00000210       0x38 HAL/LED/src/LED_program.o
 .debug_aranges
                0x00000248       0x28 HAL/SERVO/src/SERVO_program.o
 .debug_aranges
                0x00000270       0x20 main.o
 .debug_aranges
                0x00000290       0x28 MCAL/ADC/src/ADC_program.o
 .debug_aranges
                0x000002b8       0x40 MCAL/DIO/src/DIO_program.o
 .debug_aranges
                0x000002f8       0x28 MCAL/GI/src/GI_program.o
 .debug_aranges
                0x00000320       0x38 MCAL/PWM/src/PWM_program.o
 .debug_aranges
                0x00000358       0x58 MCAL/TMR0/src/TMR0_program.o
 .debug_aranges
                0x000003b0       0x58 MCAL/TMR2/src/TMR2_program.o
 .debug_aranges
                0x00000408       0x60 MCAL/TWI/src/TWI_program.o
 .debug_aranges
                0x00000468       0x48 MCAL/UART/src/UART_program.o

.debug_pubnames
 *(.debug_pubnames)

.debug_info     0x00000000     0x7a43
 *(.debug_info .gnu.linkonce.wi.*)
 .debug_info    0x00000000      0x4e6 C:/Program Files (x86)/Atmel/Studio/7.0/Packs/atmel/ATmega_DFP/1.7.374/gcc/dev/atmega32/avr5/crtatmega32.o
 .debug_info    0x000004e6     0x48fc APP/src/SmartHome_Prog.o
 .debug_info    0x00004de2      0x21f HAL/BL/src/BL_program.o
 .debug_info    0x00005001      0x1e6 HAL/BUZZER/src/BUZZER_program.o
 .debug_info    0x000051e7      0x557 HAL/EEPROM/src/EEPROM_program.o
 .debug_info    0x0000573e      0x350 HAL/KPD/src/KeyPad_program.o
 .debug_info    0x00005a8e      0xee1 HAL/LCD/src/LCD_PROGRAM.o
 .debug_info    0x0000696f      0x20e HAL/LED/src/LED_program.o
 .debug_info    0x00006b7d      0x14f HAL/SERVO/src/SERVO_program.o
 .debug_info    0x00006ccc      0x1c1 main.o
 .debug_info    0x00006e8d      0x118 MCAL/ADC/src/ADC_program.o
 .debug_info    0x00006fa5      0x1ad MCAL/DIO/src/DIO_program.o
 .debug_info    0x00007152       0x98 MCAL/GI/src/GI_program.o
 .debug_info    0x000071ea      0x11c MCAL/PWM/src/PWM_program.o
 .debug_info    0x00007306      0x19e MCAL/TMR0/src/TMR0_program.o
 .debug_info    0x000074a4      0x19e MCAL/TMR2/src/TMR2_program.o
 .debug_info    0x00007642      0x198 MCAL/TWI/src/TWI_program.o
 .debug_info    0x000077da      0x269 MCAL/UART/src/UART_program.o

.debug_abbrev   0x00000000     0x13e6
 *(.debug_abbrev)
 .debug_abbrev  0x00000000      0x4a3 C:/Program Files (x86)/Atmel/Studio/7.0/Packs/atmel/ATmega_DFP/1.7.374/gcc/dev/atmega32/avr5/crtatmega32.o
 .debug_abbrev  0x000004a3      0x2b1 APP/src/SmartHome_Prog.o
 .debug_abbrev  0x00000754       0x94 HAL/BL/src/BL_program.o
 .debug_abbrev  0x000007e8       0x80 HAL/BUZZER/src/BUZZER_program.o
 .debug_abbrev  0x00000868      0x13f HAL/EEPROM/src/EEPROM_program.o
 .debug_abbrev  0x000009a7       0xe9 HAL/KPD/src/KeyPad_program.o
 .debug_abbrev  0x00000a90      0x221 HAL/LCD/src/LCD_PROGRAM.o
 .debug_abbrev  0x00000cb1       0x8d HAL/LED/src/LED_program.o
 .debug_abbrev  0x00000d3e       0xc1 HAL/SERVO/src/SERVO_program.o
 .debug_abbrev  0x00000dff       0x84 main.o
 .debug_abbrev  0x00000e83       0x92 MCAL/ADC/src/ADC_program.o
 .debug_abbrev  0x00000f15       0x87 MCAL/DIO/src/DIO_program.o
 .debug_abbrev  0x00000f9c       0x46 MCAL/GI/src/GI_program.o
 .debug_abbrev  0x00000fe2       0x87 MCAL/PWM/src/PWM_program.o
 .debug_abbrev  0x00001069       0xcb MCAL/TMR0/src/TMR0_program.o
 .debug_abbrev  0x00001134       0xcb MCAL/TMR2/src/TMR2_program.o
 .debug_abbrev  0x000011ff       0x90 MCAL/TWI/src/TWI_program.o
 .debug_abbrev  0x0000128f      0x157 MCAL/UART/src/UART_program.o

.debug_line     0x00000000     0x3a54
 *(.debug_line .debug_line.* .debug_line_end)
 .debug_line    0x00000000      0x116 C:/Program Files (x86)/Atmel/Studio/7.0/Packs/atmel/ATmega_DFP/1.7.374/gcc/dev/atmega32/avr5/crtatmega32.o
 .debug_line    0x00000116     0x1d75 APP/src/SmartHome_Prog.o
 .debug_line    0x00001e8b       0xfe HAL/BL/src/BL_program.o
 .debug_line    0x00001f89       0xd8 HAL/BUZZER/src/BUZZER_program.o
 .debug_line    0x00002061      0x2f4 HAL/EEPROM/src/EEPROM_program.o
 .debug_line    0x00002355      0x175 HAL/KPD/src/KeyPad_program.o
 .debug_line    0x000024ca      0x569 HAL/LCD/src/LCD_PROGRAM.o
 .debug_line    0x00002a33       0xf6 HAL/LED/src/LED_program.o
 .debug_line    0x00002b29       0xd9 HAL/SERVO/src/SERVO_program.o
 .debug_line    0x00002c02      0x117 main.o
 .debug_line    0x00002d19      0x10c MCAL/ADC/src/ADC_program.o
 .debug_line    0x00002e25      0x2a4 MCAL/DIO/src/DIO_program.o
 .debug_line    0x000030c9       0x82 MCAL/GI/src/GI_program.o
 .debug_line    0x0000314b      0x137 MCAL/PWM/src/PWM_program.o
 .debug_line    0x00003282      0x1a6 MCAL/TMR0/src/TMR0_program.o
 .debug_line    0x00003428      0x1a6 MCAL/TMR2/src/TMR2_program.o
 .debug_line    0x000035ce      0x23f MCAL/TWI/src/TWI_program.o
 .debug_line    0x0000380d      0x247 MCAL/UART/src/UART_program.o

.debug_frame    0x00000000      0xc8c
 *(.debug_frame)
 .debug_frame   0x00000000      0x3ac APP/src/SmartHome_Prog.o
 .debug_frame   0x000003ac       0x74 HAL/BL/src/BL_program.o
 .debug_frame   0x00000420       0x54 HAL/BUZZER/src/BUZZER_program.o
 .debug_frame   0x00000474       0xbc HAL/EEPROM/src/EEPROM_program.o
 .debug_frame   0x00000530       0x80 HAL/KPD/src/KeyPad_program.o
 .debug_frame   0x000005b0      0x144 HAL/LCD/src/LCD_PROGRAM.o
 .debug_frame   0x000006f4       0x54 HAL/LED/src/LED_program.o
 .debug_frame   0x00000748       0x34 HAL/SERVO/src/SERVO_program.o
 .debug_frame   0x0000077c       0x24 main.o
 .debug_frame   0x000007a0       0x34 MCAL/ADC/src/ADC_program.o
 .debug_frame   0x000007d4       0x64 MCAL/DIO/src/DIO_program.o
 .debug_frame   0x00000838       0x34 MCAL/GI/src/GI_program.o
 .debug_frame   0x0000086c       0x94 MCAL/PWM/src/PWM_program.o
 .debug_frame   0x00000900      0x124 MCAL/TMR0/src/TMR0_program.o
 .debug_frame   0x00000a24      0x124 MCAL/TMR2/src/TMR2_program.o
 .debug_frame   0x00000b48       0xa4 MCAL/TWI/src/TWI_program.o
 .debug_frame   0x00000bec       0xa0 MCAL/UART/src/UART_program.o

.debug_str      0x00000000     0x1660
 *(.debug_str)
 .debug_str     0x00000000      0x196 C:/Program Files (x86)/Atmel/Studio/7.0/Packs/atmel/ATmega_DFP/1.7.374/gcc/dev/atmega32/avr5/crtatmega32.o
 .debug_str     0x00000196      0xb05 APP/src/SmartHome_Prog.o
                                0xb3e (size before relaxing)
 .debug_str     0x00000c9b      0x16f HAL/BL/src/BL_program.o
                                0x2ca (size before relaxing)
 .debug_str     0x00000e0a       0xa5 HAL/BUZZER/src/BUZZER_program.o
                                0x227 (size before relaxing)
 .debug_str     0x00000eaf      0x1d4 HAL/EEPROM/src/EEPROM_program.o
                                0x3f8 (size before relaxing)
 .debug_str     0x00001083       0xda HAL/KPD/src/KeyPad_program.o
                                0x287 (size before relaxing)
 .debug_str     0x0000115d      0x108 HAL/LCD/src/LCD_PROGRAM.o
                                0x3be (size before relaxing)
 .debug_str     0x00001265       0x66 HAL/LED/src/LED_program.o
                                0x213 (size before relaxing)
 .debug_str     0x000012cb       0x83 HAL/SERVO/src/SERVO_program.o
                                0x21e (size before relaxing)
 .debug_str     0x0000134e       0x2e main.o
                                0x26c (size before relaxing)
 .debug_str     0x0000137c       0x61 MCAL/ADC/src/ADC_program.o
                                0x203 (size before relaxing)
 .debug_str     0x000013dd       0x6e MCAL/DIO/src/DIO_program.o
                                0x22f (size before relaxing)
 .debug_str     0x0000144b       0x2b MCAL/GI/src/GI_program.o
                                0x17f (size before relaxing)
 .debug_str     0x00001476       0x45 MCAL/PWM/src/PWM_program.o
                                0x1ef (size before relaxing)
 .debug_str     0x000014bb       0x95 MCAL/TMR0/src/TMR0_program.o
                                0x229 (size before relaxing)
 .debug_str     0x00001550       0x5a MCAL/TMR2/src/TMR2_program.o
                                0x228 (size before relaxing)
 .debug_str     0x000015aa       0x3c MCAL/TWI/src/TWI_program.o
                                0x2a1 (size before relaxing)
 .debug_str     0x000015e6       0x7a MCAL/UART/src/UART_program.o
                                0x314 (size before relaxing)

.debug_loc      0x00000000     0x328d
 *(.debug_loc)
 .debug_loc     0x00000000     0x13da APP/src/SmartHome_Prog.o
 .debug_loc     0x000013da       0xb9 HAL/BL/src/BL_program.o
 .debug_loc     0x00001493      0x108 HAL/BUZZER/src/BUZZER_program.o
 .debug_loc     0x0000159b      0x47c HAL/EEPROM/src/EEPROM_program.o
 .debug_loc     0x00001a17      0x183 HAL/KPD/src/KeyPad_program.o
 .debug_loc     0x00001b9a      0x979 HAL/LCD/src/LCD_PROGRAM.o
 .debug_loc     0x00002513      0x1e0 HAL/LED/src/LED_program.o
 .debug_loc     0x000026f3       0x8e HAL/SERVO/src/SERVO_program.o
 .debug_loc     0x00002781       0x8c MCAL/ADC/src/ADC_program.o
 .debug_loc     0x0000280d      0x2e4 MCAL/DIO/src/DIO_program.o
 .debug_loc     0x00002af1      0x1ba MCAL/PWM/src/PWM_program.o
 .debug_loc     0x00002cab      0x196 MCAL/TMR0/src/TMR0_program.o
 .debug_loc     0x00002e41      0x196 MCAL/TMR2/src/TMR2_program.o
 .debug_loc     0x00002fd7       0xbf MCAL/TWI/src/TWI_program.o
 .debug_loc     0x00003096      0x1f7 MCAL/UART/src/UART_program.o

.debug_macinfo
 *(.debug_macinfo)

.debug_weaknames
 *(.debug_weaknames)

.debug_funcnames
 *(.debug_funcnames)

.debug_typenames
 *(.debug_typenames)

.debug_varnames
 *(.debug_varnames)

.debug_pubtypes
 *(.debug_pubtypes)

.debug_ranges   0x00000000      0x418
 *(.debug_ranges)
 .debug_ranges  0x00000000       0xd0 APP/src/SmartHome_Prog.o
 .debug_ranges  0x000000d0       0x38 HAL/BL/src/BL_program.o
 .debug_ranges  0x00000108       0x28 HAL/BUZZER/src/BUZZER_program.o
 .debug_ranges  0x00000130       0x30 HAL/EEPROM/src/EEPROM_program.o
 .debug_ranges  0x00000160       0x18 HAL/KPD/src/KeyPad_program.o
 .debug_ranges  0x00000178       0x98 HAL/LCD/src/LCD_PROGRAM.o
 .debug_ranges  0x00000210       0x28 HAL/LED/src/LED_program.o
 .debug_ranges  0x00000238       0x18 HAL/SERVO/src/SERVO_program.o
 .debug_ranges  0x00000250       0x10 main.o
 .debug_ranges  0x00000260       0x18 MCAL/ADC/src/ADC_program.o
 .debug_ranges  0x00000278       0x30 MCAL/DIO/src/DIO_program.o
 .debug_ranges  0x000002a8       0x18 MCAL/GI/src/GI_program.o
 .debug_ranges  0x000002c0       0x28 MCAL/PWM/src/PWM_program.o
 .debug_ranges  0x000002e8       0x48 MCAL/TMR0/src/TMR0_program.o
 .debug_ranges  0x00000330       0x48 MCAL/TMR2/src/TMR2_program.o
 .debug_ranges  0x00000378       0x50 MCAL/TWI/src/TWI_program.o
 .debug_ranges  0x000003c8       0x50 MCAL/UART/src/UART_program.o

.debug_macro
 *(.debug_macro)
OUTPUT(Smart_Home.elf elf32-avr)
LOAD linker stubs
