Archive member included to satisfy reference by file (symbol)

c:/program files (x86)/atmel/studio/7.0/toolchain/avr8/avr8-gnu-toolchain/bin/../lib/gcc/avr/5.4.0/../../../../avr/lib/avr5\libm.a(addsf3.o)
                              MCAL/PWM/SRC/PWM_program.o (__subsf3)
c:/program files (x86)/atmel/studio/7.0/toolchain/avr8/avr8-gnu-toolchain/bin/../lib/gcc/avr/5.4.0/../../../../avr/lib/avr5\libm.a(addsf3x.o)
                              c:/program files (x86)/atmel/studio/7.0/toolchain/avr8/avr8-gnu-toolchain/bin/../lib/gcc/avr/5.4.0/../../../../avr/lib/avr5\libm.a(addsf3.o) (__addsf3x)
c:/program files (x86)/atmel/studio/7.0/toolchain/avr8/avr8-gnu-toolchain/bin/../lib/gcc/avr/5.4.0/../../../../avr/lib/avr5\libm.a(cmpsf2.o)
                              MCAL/PWM/SRC/PWM_program.o (__lesf2)
c:/program files (x86)/atmel/studio/7.0/toolchain/avr8/avr8-gnu-toolchain/bin/../lib/gcc/avr/5.4.0/../../../../avr/lib/avr5\libm.a(divsf3.o)
                              HAL/SERVO/SRC/SERVO_program.o (__divsf3)
c:/program files (x86)/atmel/studio/7.0/toolchain/avr8/avr8-gnu-toolchain/bin/../lib/gcc/avr/5.4.0/../../../../avr/lib/avr5\libm.a(divsf3x.o)
                              c:/program files (x86)/atmel/studio/7.0/toolchain/avr8/avr8-gnu-toolchain/bin/../lib/gcc/avr/5.4.0/../../../../avr/lib/avr5\libm.a(divsf3.o) (__divsf3x)
c:/program files (x86)/atmel/studio/7.0/toolchain/avr8/avr8-gnu-toolchain/bin/../lib/gcc/avr/5.4.0/../../../../avr/lib/avr5\libm.a(fixunssfsi.o)
                              MCAL/PWM/SRC/PWM_program.o (__fixunssfsi)
c:/program files (x86)/atmel/studio/7.0/toolchain/avr8/avr8-gnu-toolchain/bin/../lib/gcc/avr/5.4.0/../../../../avr/lib/avr5\libm.a(floatsisf.o)
                              MCAL/PWM/SRC/PWM_program.o (__floatunsisf)
c:/program files (x86)/atmel/studio/7.0/toolchain/avr8/avr8-gnu-toolchain/bin/../lib/gcc/avr/5.4.0/../../../../avr/lib/avr5\libm.a(fp_cmp.o)
                              c:/program files (x86)/atmel/studio/7.0/toolchain/avr8/avr8-gnu-toolchain/bin/../lib/gcc/avr/5.4.0/../../../../avr/lib/avr5\libm.a(cmpsf2.o) (__fp_cmp)
c:/program files (x86)/atmel/studio/7.0/toolchain/avr8/avr8-gnu-toolchain/bin/../lib/gcc/avr/5.4.0/../../../../avr/lib/avr5\libm.a(fp_inf.o)
                              c:/program files (x86)/atmel/studio/7.0/toolchain/avr8/avr8-gnu-toolchain/bin/../lib/gcc/avr/5.4.0/../../../../avr/lib/avr5\libm.a(addsf3x.o) (__fp_inf)
c:/program files (x86)/atmel/studio/7.0/toolchain/avr8/avr8-gnu-toolchain/bin/../lib/gcc/avr/5.4.0/../../../../avr/lib/avr5\libm.a(fp_nan.o)
                              c:/program files (x86)/atmel/studio/7.0/toolchain/avr8/avr8-gnu-toolchain/bin/../lib/gcc/avr/5.4.0/../../../../avr/lib/avr5\libm.a(addsf3x.o) (__fp_nan)
c:/program files (x86)/atmel/studio/7.0/toolchain/avr8/avr8-gnu-toolchain/bin/../lib/gcc/avr/5.4.0/../../../../avr/lib/avr5\libm.a(fp_pscA.o)
                              c:/program files (x86)/atmel/studio/7.0/toolchain/avr8/avr8-gnu-toolchain/bin/../lib/gcc/avr/5.4.0/../../../../avr/lib/avr5\libm.a(addsf3x.o) (__fp_pscA)
c:/program files (x86)/atmel/studio/7.0/toolchain/avr8/avr8-gnu-toolchain/bin/../lib/gcc/avr/5.4.0/../../../../avr/lib/avr5\libm.a(fp_pscB.o)
                              c:/program files (x86)/atmel/studio/7.0/toolchain/avr8/avr8-gnu-toolchain/bin/../lib/gcc/avr/5.4.0/../../../../avr/lib/avr5\libm.a(addsf3x.o) (__fp_pscB)
c:/program files (x86)/atmel/studio/7.0/toolchain/avr8/avr8-gnu-toolchain/bin/../lib/gcc/avr/5.4.0/../../../../avr/lib/avr5\libm.a(fp_round.o)
                              c:/program files (x86)/atmel/studio/7.0/toolchain/avr8/avr8-gnu-toolchain/bin/../lib/gcc/avr/5.4.0/../../../../avr/lib/avr5\libm.a(addsf3.o) (__fp_round)
c:/program files (x86)/atmel/studio/7.0/toolchain/avr8/avr8-gnu-toolchain/bin/../lib/gcc/avr/5.4.0/../../../../avr/lib/avr5\libm.a(fp_split3.o)
                              c:/program files (x86)/atmel/studio/7.0/toolchain/avr8/avr8-gnu-toolchain/bin/../lib/gcc/avr/5.4.0/../../../../avr/lib/avr5\libm.a(addsf3x.o) (__fp_split3)
c:/program files (x86)/atmel/studio/7.0/toolchain/avr8/avr8-gnu-toolchain/bin/../lib/gcc/avr/5.4.0/../../../../avr/lib/avr5\libm.a(fp_zero.o)
                              c:/program files (x86)/atmel/studio/7.0/toolchain/avr8/avr8-gnu-toolchain/bin/../lib/gcc/avr/5.4.0/../../../../avr/lib/avr5\libm.a(addsf3x.o) (__fp_zero)
c:/program files (x86)/atmel/studio/7.0/toolchain/avr8/avr8-gnu-toolchain/bin/../lib/gcc/avr/5.4.0/../../../../avr/lib/avr5\libm.a(mulsf3.o)
                              HAL/SERVO/SRC/SERVO_program.o (__mulsf3)
c:/program files (x86)/atmel/studio/7.0/toolchain/avr8/avr8-gnu-toolchain/bin/../lib/gcc/avr/5.4.0/../../../../avr/lib/avr5\libm.a(mulsf3x.o)
                              c:/program files (x86)/atmel/studio/7.0/toolchain/avr8/avr8-gnu-toolchain/bin/../lib/gcc/avr/5.4.0/../../../../avr/lib/avr5\libm.a(mulsf3.o) (__mulsf3x)
c:/program files (x86)/atmel/studio/7.0/toolchain/avr8/avr8-gnu-toolchain/bin/../lib/gcc/avr/5.4.0/avr5\libgcc.a(_divmodhi4.o)
                              MCAL/PWM/SRC/PWM_program.o (__divmodhi4)
c:/program files (x86)/atmel/studio/7.0/toolchain/avr8/avr8-gnu-toolchain/bin/../lib/gcc/avr/5.4.0/avr5\libgcc.a(_udivmodsi4.o)
                              MCAL/PWM/SRC/PWM_program.o (__udivmodsi4)
c:/program files (x86)/atmel/studio/7.0/toolchain/avr8/avr8-gnu-toolchain/bin/../lib/gcc/avr/5.4.0/avr5\libgcc.a(_exit.o)
                              C:/Program Files (x86)/Atmel/Studio/7.0/Packs/atmel/ATmega_DFP/1.7.374/gcc/dev/atmega32/avr5/crtatmega32.o (exit)
c:/program files (x86)/atmel/studio/7.0/toolchain/avr8/avr8-gnu-toolchain/bin/../lib/gcc/avr/5.4.0/avr5\libgcc.a(_copy_data.o)
                              HAL/KYPD/SRC/KEYPAD_program.o (__do_copy_data)
c:/program files (x86)/atmel/studio/7.0/toolchain/avr8/avr8-gnu-toolchain/bin/../lib/gcc/avr/5.4.0/avr5\libgcc.a(_udivmodhi4.o)
                              c:/program files (x86)/atmel/studio/7.0/toolchain/avr8/avr8-gnu-toolchain/bin/../lib/gcc/avr/5.4.0/avr5\libgcc.a(_divmodhi4.o) (__udivmodhi4)

Discarded input sections

 .data          0x00000000        0x0 C:/Program Files (x86)/Atmel/Studio/7.0/Packs/atmel/ATmega_DFP/1.7.374/gcc/dev/atmega32/avr5/crtatmega32.o
 .bss           0x00000000        0x0 C:/Program Files (x86)/Atmel/Studio/7.0/Packs/atmel/ATmega_DFP/1.7.374/gcc/dev/atmega32/avr5/crtatmega32.o
 .text          0x00000000        0x0 HAL/BL/SRC/BL_program.o
 .data          0x00000000        0x0 HAL/BL/SRC/BL_program.o
 .bss           0x00000000        0x0 HAL/BL/SRC/BL_program.o
 .text.BL_voidTxChar
                0x00000000        0x6 HAL/BL/SRC/BL_program.o
 .text.BL_voidRxChar
                0x00000000        0x6 HAL/BL/SRC/BL_program.o
 .text.BL_voidTxString
                0x00000000        0x6 HAL/BL/SRC/BL_program.o
 .text.BL_voidRxString
                0x00000000        0x6 HAL/BL/SRC/BL_program.o
 .text          0x00000000        0x0 HAL/BUZZER/SRC/BUZZER_program.o
 .data          0x00000000        0x0 HAL/BUZZER/SRC/BUZZER_program.o
 .bss           0x00000000        0x0 HAL/BUZZER/SRC/BUZZER_program.o
 .text.BUZZER_voidInit
                0x00000000        0x8 HAL/BUZZER/SRC/BUZZER_program.o
 .text.BUZZER_voidOn
                0x00000000        0x8 HAL/BUZZER/SRC/BUZZER_program.o
 .text.BUZZER_voidOff
                0x00000000        0x8 HAL/BUZZER/SRC/BUZZER_program.o
 .text.BUZZER_voidToggle
                0x00000000        0x6 HAL/BUZZER/SRC/BUZZER_program.o
 .debug_info    0x00000000      0x1e6 HAL/BUZZER/SRC/BUZZER_program.o
 .debug_abbrev  0x00000000       0x80 HAL/BUZZER/SRC/BUZZER_program.o
 .debug_loc     0x00000000      0x108 HAL/BUZZER/SRC/BUZZER_program.o
 .debug_aranges
                0x00000000       0x38 HAL/BUZZER/SRC/BUZZER_program.o
 .debug_ranges  0x00000000       0x28 HAL/BUZZER/SRC/BUZZER_program.o
 .debug_line    0x00000000       0xd9 HAL/BUZZER/SRC/BUZZER_program.o
 .debug_str     0x00000000      0x239 HAL/BUZZER/SRC/BUZZER_program.o
 .comment       0x00000000       0x31 HAL/BUZZER/SRC/BUZZER_program.o
 .debug_frame   0x00000000       0x54 HAL/BUZZER/SRC/BUZZER_program.o
 .text          0x00000000        0x0 HAL/EEPROM/SRC/EEPROM_program.o
 .data          0x00000000        0x0 HAL/EEPROM/SRC/EEPROM_program.o
 .bss           0x00000000        0x0 HAL/EEPROM/SRC/EEPROM_program.o
 .text.EEPROM_voidWriteByte
                0x00000000       0x3c HAL/EEPROM/SRC/EEPROM_program.o
 .text.EEPROM_voidReadByte
                0x00000000       0x50 HAL/EEPROM/SRC/EEPROM_program.o
 .text          0x00000000        0x0 HAL/KYPD/SRC/KEYPAD_program.o
 .data          0x00000000        0x0 HAL/KYPD/SRC/KEYPAD_program.o
 .bss           0x00000000        0x0 HAL/KYPD/SRC/KEYPAD_program.o
 .text          0x00000000        0x0 HAL/LCD/SRC/LCD_program.o
 .data          0x00000000        0x0 HAL/LCD/SRC/LCD_program.o
 .bss           0x00000000        0x0 HAL/LCD/SRC/LCD_program.o
 .text.LCD_voidShift
                0x00000000       0x1a HAL/LCD/SRC/LCD_program.o
 .text          0x00000000        0x0 HAL/LED/SRC/LED_program.o
 .data          0x00000000        0x0 HAL/LED/SRC/LED_program.o
 .bss           0x00000000        0x0 HAL/LED/SRC/LED_program.o
 .text.LED_voidInit
                0x00000000        0x8 HAL/LED/SRC/LED_program.o
 .text.LED_voidOn
                0x00000000       0x1a HAL/LED/SRC/LED_program.o
 .text.LED_voidOff
                0x00000000       0x1a HAL/LED/SRC/LED_program.o
 .text.LED_voidToggle
                0x00000000        0x6 HAL/LED/SRC/LED_program.o
 .debug_info    0x00000000      0x20e HAL/LED/SRC/LED_program.o
 .debug_abbrev  0x00000000       0x8d HAL/LED/SRC/LED_program.o
 .debug_loc     0x00000000      0x1e0 HAL/LED/SRC/LED_program.o
 .debug_aranges
                0x00000000       0x38 HAL/LED/SRC/LED_program.o
 .debug_ranges  0x00000000       0x28 HAL/LED/SRC/LED_program.o
 .debug_line    0x00000000       0xf7 HAL/LED/SRC/LED_program.o
 .debug_str     0x00000000      0x225 HAL/LED/SRC/LED_program.o
 .comment       0x00000000       0x31 HAL/LED/SRC/LED_program.o
 .debug_frame   0x00000000       0x54 HAL/LED/SRC/LED_program.o
 .text          0x00000000        0x0 HAL/SERVO/SRC/SERVO_program.o
 .data          0x00000000        0x0 HAL/SERVO/SRC/SERVO_program.o
 .bss           0x00000000        0x0 HAL/SERVO/SRC/SERVO_program.o
 .text.SERVO_voidInit
                0x00000000        0xc HAL/SERVO/SRC/SERVO_program.o
 .text.SERVO_voidStartByAngle
                0x00000000       0x32 HAL/SERVO/SRC/SERVO_program.o
 .debug_info    0x00000000      0x14f HAL/SERVO/SRC/SERVO_program.o
 .debug_abbrev  0x00000000       0xc1 HAL/SERVO/SRC/SERVO_program.o
 .debug_loc     0x00000000       0x8e HAL/SERVO/SRC/SERVO_program.o
 .debug_aranges
                0x00000000       0x28 HAL/SERVO/SRC/SERVO_program.o
 .debug_ranges  0x00000000       0x18 HAL/SERVO/SRC/SERVO_program.o
 .debug_line    0x00000000       0xda HAL/SERVO/SRC/SERVO_program.o
 .debug_str     0x00000000      0x230 HAL/SERVO/SRC/SERVO_program.o
 .comment       0x00000000       0x31 HAL/SERVO/SRC/SERVO_program.o
 .debug_frame   0x00000000       0x34 HAL/SERVO/SRC/SERVO_program.o
 .text          0x00000000        0x0 main.o
 .data          0x00000000        0x0 main.o
 .bss           0x00000000        0x0 main.o
 .text          0x00000000        0x0 MCAL/DIO/SRC/DIO_program.o
 .data          0x00000000        0x0 MCAL/DIO/SRC/DIO_program.o
 .bss           0x00000000        0x0 MCAL/DIO/SRC/DIO_program.o
 .text.DIO_voidTogglePinValue
                0x00000000       0x70 MCAL/DIO/SRC/DIO_program.o
 .text          0x00000000        0x0 MCAL/GI/SRC/GI_program.o
 .data          0x00000000        0x0 MCAL/GI/SRC/GI_program.o
 .bss           0x00000000        0x0 MCAL/GI/SRC/GI_program.o
 .text.GI_voidEnable
                0x00000000        0x8 MCAL/GI/SRC/GI_program.o
 .text.GI_voidDisable
                0x00000000        0x8 MCAL/GI/SRC/GI_program.o
 .debug_info    0x00000000       0x98 MCAL/GI/SRC/GI_program.o
 .debug_abbrev  0x00000000       0x46 MCAL/GI/SRC/GI_program.o
 .debug_aranges
                0x00000000       0x28 MCAL/GI/SRC/GI_program.o
 .debug_ranges  0x00000000       0x18 MCAL/GI/SRC/GI_program.o
 .debug_line    0x00000000       0x83 MCAL/GI/SRC/GI_program.o
 .debug_str     0x00000000      0x191 MCAL/GI/SRC/GI_program.o
 .comment       0x00000000       0x31 MCAL/GI/SRC/GI_program.o
 .debug_frame   0x00000000       0x34 MCAL/GI/SRC/GI_program.o
 .text          0x00000000        0x0 MCAL/PWM/SRC/PWM_program.o
 .data          0x00000000        0x0 MCAL/PWM/SRC/PWM_program.o
 .bss           0x00000000        0x0 MCAL/PWM/SRC/PWM_program.o
 .text.PWM_voidInitChannel_0
                0x00000000       0x1a MCAL/PWM/SRC/PWM_program.o
 .text.PWM_voidGenerateChannel_0
                0x00000000       0x28 MCAL/PWM/SRC/PWM_program.o
 .text.PWM_voidInitChannel_1A
                0x00000000       0x26 MCAL/PWM/SRC/PWM_program.o
 .text.PWM_voidGenerateChannel_1A
                0x00000000       0x98 MCAL/PWM/SRC/PWM_program.o
 .debug_info    0x00000000      0x10d MCAL/PWM/SRC/PWM_program.o
 .debug_abbrev  0x00000000       0x87 MCAL/PWM/SRC/PWM_program.o
 .debug_loc     0x00000000      0x109 MCAL/PWM/SRC/PWM_program.o
 .debug_aranges
                0x00000000       0x38 MCAL/PWM/SRC/PWM_program.o
 .debug_ranges  0x00000000       0x28 MCAL/PWM/SRC/PWM_program.o
 .debug_line    0x00000000      0x11e MCAL/PWM/SRC/PWM_program.o
 .debug_str     0x00000000      0x210 MCAL/PWM/SRC/PWM_program.o
 .comment       0x00000000       0x31 MCAL/PWM/SRC/PWM_program.o
 .debug_frame   0x00000000       0x74 MCAL/PWM/SRC/PWM_program.o
 .text          0x00000000        0x0 MCAL/TWI/SRC/TWI_program.o
 .data          0x00000000        0x0 MCAL/TWI/SRC/TWI_program.o
 .bss           0x00000000        0x0 MCAL/TWI/SRC/TWI_program.o
 .text          0x00000000        0x0 MCAL/UART/SRC/UART_program.o
 .data          0x00000000        0x0 MCAL/UART/SRC/UART_program.o
 .bss           0x00000000        0x0 MCAL/UART/SRC/UART_program.o
 .text.UART_voidTxChar
                0x00000000        0x8 MCAL/UART/SRC/UART_program.o
 .text.UART_voidRxChar
                0x00000000       0x10 MCAL/UART/SRC/UART_program.o
 .text.UART_voidTxString
                0x00000000       0x2c MCAL/UART/SRC/UART_program.o
 .text.UART_voidRxString
                0x00000000       0x36 MCAL/UART/SRC/UART_program.o
 .text          0x00000000        0x0 c:/program files (x86)/atmel/studio/7.0/toolchain/avr8/avr8-gnu-toolchain/bin/../lib/gcc/avr/5.4.0/../../../../avr/lib/avr5\libm.a(addsf3.o)
 .data          0x00000000        0x0 c:/program files (x86)/atmel/studio/7.0/toolchain/avr8/avr8-gnu-toolchain/bin/../lib/gcc/avr/5.4.0/../../../../avr/lib/avr5\libm.a(addsf3.o)
 .bss           0x00000000        0x0 c:/program files (x86)/atmel/studio/7.0/toolchain/avr8/avr8-gnu-toolchain/bin/../lib/gcc/avr/5.4.0/../../../../avr/lib/avr5\libm.a(addsf3.o)
 .text.avr-libc.fplib
                0x00000000        0xe c:/program files (x86)/atmel/studio/7.0/toolchain/avr8/avr8-gnu-toolchain/bin/../lib/gcc/avr/5.4.0/../../../../avr/lib/avr5\libm.a(addsf3.o)
 .text          0x00000000        0x0 c:/program files (x86)/atmel/studio/7.0/toolchain/avr8/avr8-gnu-toolchain/bin/../lib/gcc/avr/5.4.0/../../../../avr/lib/avr5\libm.a(addsf3x.o)
 .data          0x00000000        0x0 c:/program files (x86)/atmel/studio/7.0/toolchain/avr8/avr8-gnu-toolchain/bin/../lib/gcc/avr/5.4.0/../../../../avr/lib/avr5\libm.a(addsf3x.o)
 .bss           0x00000000        0x0 c:/program files (x86)/atmel/studio/7.0/toolchain/avr8/avr8-gnu-toolchain/bin/../lib/gcc/avr/5.4.0/../../../../avr/lib/avr5\libm.a(addsf3x.o)
 .text.avr-libc.fplib
                0x00000000       0xcc c:/program files (x86)/atmel/studio/7.0/toolchain/avr8/avr8-gnu-toolchain/bin/../lib/gcc/avr/5.4.0/../../../../avr/lib/avr5\libm.a(addsf3x.o)
 .text          0x00000000        0x0 c:/program files (x86)/atmel/studio/7.0/toolchain/avr8/avr8-gnu-toolchain/bin/../lib/gcc/avr/5.4.0/../../../../avr/lib/avr5\libm.a(cmpsf2.o)
 .data          0x00000000        0x0 c:/program files (x86)/atmel/studio/7.0/toolchain/avr8/avr8-gnu-toolchain/bin/../lib/gcc/avr/5.4.0/../../../../avr/lib/avr5\libm.a(cmpsf2.o)
 .bss           0x00000000        0x0 c:/program files (x86)/atmel/studio/7.0/toolchain/avr8/avr8-gnu-toolchain/bin/../lib/gcc/avr/5.4.0/../../../../avr/lib/avr5\libm.a(cmpsf2.o)
 .text.avr-libc.fplib
                0x00000000        0xa c:/program files (x86)/atmel/studio/7.0/toolchain/avr8/avr8-gnu-toolchain/bin/../lib/gcc/avr/5.4.0/../../../../avr/lib/avr5\libm.a(cmpsf2.o)
 .text          0x00000000        0x0 c:/program files (x86)/atmel/studio/7.0/toolchain/avr8/avr8-gnu-toolchain/bin/../lib/gcc/avr/5.4.0/../../../../avr/lib/avr5\libm.a(divsf3.o)
 .data          0x00000000        0x0 c:/program files (x86)/atmel/studio/7.0/toolchain/avr8/avr8-gnu-toolchain/bin/../lib/gcc/avr/5.4.0/../../../../avr/lib/avr5\libm.a(divsf3.o)
 .bss           0x00000000        0x0 c:/program files (x86)/atmel/studio/7.0/toolchain/avr8/avr8-gnu-toolchain/bin/../lib/gcc/avr/5.4.0/../../../../avr/lib/avr5\libm.a(divsf3.o)
 .text.avr-libc.fplib
                0x00000000        0x8 c:/program files (x86)/atmel/studio/7.0/toolchain/avr8/avr8-gnu-toolchain/bin/../lib/gcc/avr/5.4.0/../../../../avr/lib/avr5\libm.a(divsf3.o)
 .text          0x00000000        0x0 c:/program files (x86)/atmel/studio/7.0/toolchain/avr8/avr8-gnu-toolchain/bin/../lib/gcc/avr/5.4.0/../../../../avr/lib/avr5\libm.a(divsf3x.o)
 .data          0x00000000        0x0 c:/program files (x86)/atmel/studio/7.0/toolchain/avr8/avr8-gnu-toolchain/bin/../lib/gcc/avr/5.4.0/../../../../avr/lib/avr5\libm.a(divsf3x.o)
 .bss           0x00000000        0x0 c:/program files (x86)/atmel/studio/7.0/toolchain/avr8/avr8-gnu-toolchain/bin/../lib/gcc/avr/5.4.0/../../../../avr/lib/avr5\libm.a(divsf3x.o)
 .text.avr-libc.fplib
                0x00000000       0xdc c:/program files (x86)/atmel/studio/7.0/toolchain/avr8/avr8-gnu-toolchain/bin/../lib/gcc/avr/5.4.0/../../../../avr/lib/avr5\libm.a(divsf3x.o)
 .text          0x00000000        0x0 c:/program files (x86)/atmel/studio/7.0/toolchain/avr8/avr8-gnu-toolchain/bin/../lib/gcc/avr/5.4.0/../../../../avr/lib/avr5\libm.a(fixunssfsi.o)
 .data          0x00000000        0x0 c:/program files (x86)/atmel/studio/7.0/toolchain/avr8/avr8-gnu-toolchain/bin/../lib/gcc/avr/5.4.0/../../../../avr/lib/avr5\libm.a(fixunssfsi.o)
 .bss           0x00000000        0x0 c:/program files (x86)/atmel/studio/7.0/toolchain/avr8/avr8-gnu-toolchain/bin/../lib/gcc/avr/5.4.0/../../../../avr/lib/avr5\libm.a(fixunssfsi.o)
 .text.avr-libc.fplib
                0x00000000       0x5e c:/program files (x86)/atmel/studio/7.0/toolchain/avr8/avr8-gnu-toolchain/bin/../lib/gcc/avr/5.4.0/../../../../avr/lib/avr5\libm.a(fixunssfsi.o)
 .text          0x00000000        0x0 c:/program files (x86)/atmel/studio/7.0/toolchain/avr8/avr8-gnu-toolchain/bin/../lib/gcc/avr/5.4.0/../../../../avr/lib/avr5\libm.a(floatsisf.o)
 .data          0x00000000        0x0 c:/program files (x86)/atmel/studio/7.0/toolchain/avr8/avr8-gnu-toolchain/bin/../lib/gcc/avr/5.4.0/../../../../avr/lib/avr5\libm.a(floatsisf.o)
 .bss           0x00000000        0x0 c:/program files (x86)/atmel/studio/7.0/toolchain/avr8/avr8-gnu-toolchain/bin/../lib/gcc/avr/5.4.0/../../../../avr/lib/avr5\libm.a(floatsisf.o)
 .text.avr-libc.fplib
                0x00000000       0x7a c:/program files (x86)/atmel/studio/7.0/toolchain/avr8/avr8-gnu-toolchain/bin/../lib/gcc/avr/5.4.0/../../../../avr/lib/avr5\libm.a(floatsisf.o)
 .text          0x00000000        0x0 c:/program files (x86)/atmel/studio/7.0/toolchain/avr8/avr8-gnu-toolchain/bin/../lib/gcc/avr/5.4.0/../../../../avr/lib/avr5\libm.a(fp_cmp.o)
 .data          0x00000000        0x0 c:/program files (x86)/atmel/studio/7.0/toolchain/avr8/avr8-gnu-toolchain/bin/../lib/gcc/avr/5.4.0/../../../../avr/lib/avr5\libm.a(fp_cmp.o)
 .bss           0x00000000        0x0 c:/program files (x86)/atmel/studio/7.0/toolchain/avr8/avr8-gnu-toolchain/bin/../lib/gcc/avr/5.4.0/../../../../avr/lib/avr5\libm.a(fp_cmp.o)
 .text.avr-libc.fplib
                0x00000000       0x48 c:/program files (x86)/atmel/studio/7.0/toolchain/avr8/avr8-gnu-toolchain/bin/../lib/gcc/avr/5.4.0/../../../../avr/lib/avr5\libm.a(fp_cmp.o)
 .text          0x00000000        0x0 c:/program files (x86)/atmel/studio/7.0/toolchain/avr8/avr8-gnu-toolchain/bin/../lib/gcc/avr/5.4.0/../../../../avr/lib/avr5\libm.a(fp_inf.o)
 .data          0x00000000        0x0 c:/program files (x86)/atmel/studio/7.0/toolchain/avr8/avr8-gnu-toolchain/bin/../lib/gcc/avr/5.4.0/../../../../avr/lib/avr5\libm.a(fp_inf.o)
 .bss           0x00000000        0x0 c:/program files (x86)/atmel/studio/7.0/toolchain/avr8/avr8-gnu-toolchain/bin/../lib/gcc/avr/5.4.0/../../../../avr/lib/avr5\libm.a(fp_inf.o)
 .text.avr-libc.fplib
                0x00000000        0xc c:/program files (x86)/atmel/studio/7.0/toolchain/avr8/avr8-gnu-toolchain/bin/../lib/gcc/avr/5.4.0/../../../../avr/lib/avr5\libm.a(fp_inf.o)
 .text          0x00000000        0x0 c:/program files (x86)/atmel/studio/7.0/toolchain/avr8/avr8-gnu-toolchain/bin/../lib/gcc/avr/5.4.0/../../../../avr/lib/avr5\libm.a(fp_nan.o)
 .data          0x00000000        0x0 c:/program files (x86)/atmel/studio/7.0/toolchain/avr8/avr8-gnu-toolchain/bin/../lib/gcc/avr/5.4.0/../../../../avr/lib/avr5\libm.a(fp_nan.o)
 .bss           0x00000000        0x0 c:/program files (x86)/atmel/studio/7.0/toolchain/avr8/avr8-gnu-toolchain/bin/../lib/gcc/avr/5.4.0/../../../../avr/lib/avr5\libm.a(fp_nan.o)
 .text.avr-libc.fplib
                0x00000000        0x6 c:/program files (x86)/atmel/studio/7.0/toolchain/avr8/avr8-gnu-toolchain/bin/../lib/gcc/avr/5.4.0/../../../../avr/lib/avr5\libm.a(fp_nan.o)
 .text          0x00000000        0x0 c:/program files (x86)/atmel/studio/7.0/toolchain/avr8/avr8-gnu-toolchain/bin/../lib/gcc/avr/5.4.0/../../../../avr/lib/avr5\libm.a(fp_pscA.o)
 .data          0x00000000        0x0 c:/program files (x86)/atmel/studio/7.0/toolchain/avr8/avr8-gnu-toolchain/bin/../lib/gcc/avr/5.4.0/../../../../avr/lib/avr5\libm.a(fp_pscA.o)
 .bss           0x00000000        0x0 c:/program files (x86)/atmel/studio/7.0/toolchain/avr8/avr8-gnu-toolchain/bin/../lib/gcc/avr/5.4.0/../../../../avr/lib/avr5\libm.a(fp_pscA.o)
 .text.avr-libc.fplib
                0x00000000        0xe c:/program files (x86)/atmel/studio/7.0/toolchain/avr8/avr8-gnu-toolchain/bin/../lib/gcc/avr/5.4.0/../../../../avr/lib/avr5\libm.a(fp_pscA.o)
 .text          0x00000000        0x0 c:/program files (x86)/atmel/studio/7.0/toolchain/avr8/avr8-gnu-toolchain/bin/../lib/gcc/avr/5.4.0/../../../../avr/lib/avr5\libm.a(fp_pscB.o)
 .data          0x00000000        0x0 c:/program files (x86)/atmel/studio/7.0/toolchain/avr8/avr8-gnu-toolchain/bin/../lib/gcc/avr/5.4.0/../../../../avr/lib/avr5\libm.a(fp_pscB.o)
 .bss           0x00000000        0x0 c:/program files (x86)/atmel/studio/7.0/toolchain/avr8/avr8-gnu-toolchain/bin/../lib/gcc/avr/5.4.0/../../../../avr/lib/avr5\libm.a(fp_pscB.o)
 .text.avr-libc.fplib
                0x00000000        0xe c:/program files (x86)/atmel/studio/7.0/toolchain/avr8/avr8-gnu-toolchain/bin/../lib/gcc/avr/5.4.0/../../../../avr/lib/avr5\libm.a(fp_pscB.o)
 .text          0x00000000        0x0 c:/program files (x86)/atmel/studio/7.0/toolchain/avr8/avr8-gnu-toolchain/bin/../lib/gcc/avr/5.4.0/../../../../avr/lib/avr5\libm.a(fp_round.o)
 .data          0x00000000        0x0 c:/program files (x86)/atmel/studio/7.0/toolchain/avr8/avr8-gnu-toolchain/bin/../lib/gcc/avr/5.4.0/../../../../avr/lib/avr5\libm.a(fp_round.o)
 .bss           0x00000000        0x0 c:/program files (x86)/atmel/studio/7.0/toolchain/avr8/avr8-gnu-toolchain/bin/../lib/gcc/avr/5.4.0/../../../../avr/lib/avr5\libm.a(fp_round.o)
 .text.avr-libc.fplib
                0x00000000       0x22 c:/program files (x86)/atmel/studio/7.0/toolchain/avr8/avr8-gnu-toolchain/bin/../lib/gcc/avr/5.4.0/../../../../avr/lib/avr5\libm.a(fp_round.o)
 .text          0x00000000        0x0 c:/program files (x86)/atmel/studio/7.0/toolchain/avr8/avr8-gnu-toolchain/bin/../lib/gcc/avr/5.4.0/../../../../avr/lib/avr5\libm.a(fp_split3.o)
 .data          0x00000000        0x0 c:/program files (x86)/atmel/studio/7.0/toolchain/avr8/avr8-gnu-toolchain/bin/../lib/gcc/avr/5.4.0/../../../../avr/lib/avr5\libm.a(fp_split3.o)
 .bss           0x00000000        0x0 c:/program files (x86)/atmel/studio/7.0/toolchain/avr8/avr8-gnu-toolchain/bin/../lib/gcc/avr/5.4.0/../../../../avr/lib/avr5\libm.a(fp_split3.o)
 .text.avr-libc.fplib
                0x00000000       0x44 c:/program files (x86)/atmel/studio/7.0/toolchain/avr8/avr8-gnu-toolchain/bin/../lib/gcc/avr/5.4.0/../../../../avr/lib/avr5\libm.a(fp_split3.o)
 .text          0x00000000        0x0 c:/program files (x86)/atmel/studio/7.0/toolchain/avr8/avr8-gnu-toolchain/bin/../lib/gcc/avr/5.4.0/../../../../avr/lib/avr5\libm.a(fp_zero.o)
 .data          0x00000000        0x0 c:/program files (x86)/atmel/studio/7.0/toolchain/avr8/avr8-gnu-toolchain/bin/../lib/gcc/avr/5.4.0/../../../../avr/lib/avr5\libm.a(fp_zero.o)
 .bss           0x00000000        0x0 c:/program files (x86)/atmel/studio/7.0/toolchain/avr8/avr8-gnu-toolchain/bin/../lib/gcc/avr/5.4.0/../../../../avr/lib/avr5\libm.a(fp_zero.o)
 .text.avr-libc.fplib
                0x00000000        0xe c:/program files (x86)/atmel/studio/7.0/toolchain/avr8/avr8-gnu-toolchain/bin/../lib/gcc/avr/5.4.0/../../../../avr/lib/avr5\libm.a(fp_zero.o)
 .text          0x00000000        0x0 c:/program files (x86)/atmel/studio/7.0/toolchain/avr8/avr8-gnu-toolchain/bin/../lib/gcc/avr/5.4.0/../../../../avr/lib/avr5\libm.a(mulsf3.o)
 .data          0x00000000        0x0 c:/program files (x86)/atmel/studio/7.0/toolchain/avr8/avr8-gnu-toolchain/bin/../lib/gcc/avr/5.4.0/../../../../avr/lib/avr5\libm.a(mulsf3.o)
 .bss           0x00000000        0x0 c:/program files (x86)/atmel/studio/7.0/toolchain/avr8/avr8-gnu-toolchain/bin/../lib/gcc/avr/5.4.0/../../../../avr/lib/avr5\libm.a(mulsf3.o)
 .text.avr-libc.fplib
                0x00000000        0x8 c:/program files (x86)/atmel/studio/7.0/toolchain/avr8/avr8-gnu-toolchain/bin/../lib/gcc/avr/5.4.0/../../../../avr/lib/avr5\libm.a(mulsf3.o)
 .text          0x00000000        0x0 c:/program files (x86)/atmel/studio/7.0/toolchain/avr8/avr8-gnu-toolchain/bin/../lib/gcc/avr/5.4.0/../../../../avr/lib/avr5\libm.a(mulsf3x.o)
 .data          0x00000000        0x0 c:/program files (x86)/atmel/studio/7.0/toolchain/avr8/avr8-gnu-toolchain/bin/../lib/gcc/avr/5.4.0/../../../../avr/lib/avr5\libm.a(mulsf3x.o)
 .bss           0x00000000        0x0 c:/program files (x86)/atmel/studio/7.0/toolchain/avr8/avr8-gnu-toolchain/bin/../lib/gcc/avr/5.4.0/../../../../avr/lib/avr5\libm.a(mulsf3x.o)
 .text.avr-libc.fplib
                0x00000000       0xd2 c:/program files (x86)/atmel/studio/7.0/toolchain/avr8/avr8-gnu-toolchain/bin/../lib/gcc/avr/5.4.0/../../../../avr/lib/avr5\libm.a(mulsf3x.o)
 .text          0x00000000        0x0 c:/program files (x86)/atmel/studio/7.0/toolchain/avr8/avr8-gnu-toolchain/bin/../lib/gcc/avr/5.4.0/avr5\libgcc.a(_divmodhi4.o)
 .data          0x00000000        0x0 c:/program files (x86)/atmel/studio/7.0/toolchain/avr8/avr8-gnu-toolchain/bin/../lib/gcc/avr/5.4.0/avr5\libgcc.a(_divmodhi4.o)
 .bss           0x00000000        0x0 c:/program files (x86)/atmel/studio/7.0/toolchain/avr8/avr8-gnu-toolchain/bin/../lib/gcc/avr/5.4.0/avr5\libgcc.a(_divmodhi4.o)
 .text.libgcc.mul
                0x00000000        0x0 c:/program files (x86)/atmel/studio/7.0/toolchain/avr8/avr8-gnu-toolchain/bin/../lib/gcc/avr/5.4.0/avr5\libgcc.a(_divmodhi4.o)
 .text.libgcc.div
                0x00000000       0x28 c:/program files (x86)/atmel/studio/7.0/toolchain/avr8/avr8-gnu-toolchain/bin/../lib/gcc/avr/5.4.0/avr5\libgcc.a(_divmodhi4.o)
 .text.libgcc   0x00000000        0x0 c:/program files (x86)/atmel/studio/7.0/toolchain/avr8/avr8-gnu-toolchain/bin/../lib/gcc/avr/5.4.0/avr5\libgcc.a(_divmodhi4.o)
 .text.libgcc.prologue
                0x00000000        0x0 c:/program files (x86)/atmel/studio/7.0/toolchain/avr8/avr8-gnu-toolchain/bin/../lib/gcc/avr/5.4.0/avr5\libgcc.a(_divmodhi4.o)
 .text.libgcc.builtins
                0x00000000        0x0 c:/program files (x86)/atmel/studio/7.0/toolchain/avr8/avr8-gnu-toolchain/bin/../lib/gcc/avr/5.4.0/avr5\libgcc.a(_divmodhi4.o)
 .text.libgcc.fmul
                0x00000000        0x0 c:/program files (x86)/atmel/studio/7.0/toolchain/avr8/avr8-gnu-toolchain/bin/../lib/gcc/avr/5.4.0/avr5\libgcc.a(_divmodhi4.o)
 .text.libgcc.fixed
                0x00000000        0x0 c:/program files (x86)/atmel/studio/7.0/toolchain/avr8/avr8-gnu-toolchain/bin/../lib/gcc/avr/5.4.0/avr5\libgcc.a(_divmodhi4.o)
 .text          0x00000000        0x0 c:/program files (x86)/atmel/studio/7.0/toolchain/avr8/avr8-gnu-toolchain/bin/../lib/gcc/avr/5.4.0/avr5\libgcc.a(_udivmodsi4.o)
 .data          0x00000000        0x0 c:/program files (x86)/atmel/studio/7.0/toolchain/avr8/avr8-gnu-toolchain/bin/../lib/gcc/avr/5.4.0/avr5\libgcc.a(_udivmodsi4.o)
 .bss           0x00000000        0x0 c:/program files (x86)/atmel/studio/7.0/toolchain/avr8/avr8-gnu-toolchain/bin/../lib/gcc/avr/5.4.0/avr5\libgcc.a(_udivmodsi4.o)
 .text.libgcc.mul
                0x00000000        0x0 c:/program files (x86)/atmel/studio/7.0/toolchain/avr8/avr8-gnu-toolchain/bin/../lib/gcc/avr/5.4.0/avr5\libgcc.a(_udivmodsi4.o)
 .text.libgcc.div
                0x00000000       0x44 c:/program files (x86)/atmel/studio/7.0/toolchain/avr8/avr8-gnu-toolchain/bin/../lib/gcc/avr/5.4.0/avr5\libgcc.a(_udivmodsi4.o)
 .text.libgcc   0x00000000        0x0 c:/program files (x86)/atmel/studio/7.0/toolchain/avr8/avr8-gnu-toolchain/bin/../lib/gcc/avr/5.4.0/avr5\libgcc.a(_udivmodsi4.o)
 .text.libgcc.prologue
                0x00000000        0x0 c:/program files (x86)/atmel/studio/7.0/toolchain/avr8/avr8-gnu-toolchain/bin/../lib/gcc/avr/5.4.0/avr5\libgcc.a(_udivmodsi4.o)
 .text.libgcc.builtins
                0x00000000        0x0 c:/program files (x86)/atmel/studio/7.0/toolchain/avr8/avr8-gnu-toolchain/bin/../lib/gcc/avr/5.4.0/avr5\libgcc.a(_udivmodsi4.o)
 .text.libgcc.fmul
                0x00000000        0x0 c:/program files (x86)/atmel/studio/7.0/toolchain/avr8/avr8-gnu-toolchain/bin/../lib/gcc/avr/5.4.0/avr5\libgcc.a(_udivmodsi4.o)
 .text.libgcc.fixed
                0x00000000        0x0 c:/program files (x86)/atmel/studio/7.0/toolchain/avr8/avr8-gnu-toolchain/bin/../lib/gcc/avr/5.4.0/avr5\libgcc.a(_udivmodsi4.o)
 .text          0x00000000        0x0 c:/program files (x86)/atmel/studio/7.0/toolchain/avr8/avr8-gnu-toolchain/bin/../lib/gcc/avr/5.4.0/avr5\libgcc.a(_exit.o)
 .data          0x00000000        0x0 c:/program files (x86)/atmel/studio/7.0/toolchain/avr8/avr8-gnu-toolchain/bin/../lib/gcc/avr/5.4.0/avr5\libgcc.a(_exit.o)
 .bss           0x00000000        0x0 c:/program files (x86)/atmel/studio/7.0/toolchain/avr8/avr8-gnu-toolchain/bin/../lib/gcc/avr/5.4.0/avr5\libgcc.a(_exit.o)
 .text.libgcc.mul
                0x00000000        0x0 c:/program files (x86)/atmel/studio/7.0/toolchain/avr8/avr8-gnu-toolchain/bin/../lib/gcc/avr/5.4.0/avr5\libgcc.a(_exit.o)
 .text.libgcc.div
                0x00000000        0x0 c:/program files (x86)/atmel/studio/7.0/toolchain/avr8/avr8-gnu-toolchain/bin/../lib/gcc/avr/5.4.0/avr5\libgcc.a(_exit.o)
 .text.libgcc   0x00000000        0x0 c:/program files (x86)/atmel/studio/7.0/toolchain/avr8/avr8-gnu-toolchain/bin/../lib/gcc/avr/5.4.0/avr5\libgcc.a(_exit.o)
 .text.libgcc.prologue
                0x00000000        0x0 c:/program files (x86)/atmel/studio/7.0/toolchain/avr8/avr8-gnu-toolchain/bin/../lib/gcc/avr/5.4.0/avr5\libgcc.a(_exit.o)
 .text.libgcc.builtins
                0x00000000        0x0 c:/program files (x86)/atmel/studio/7.0/toolchain/avr8/avr8-gnu-toolchain/bin/../lib/gcc/avr/5.4.0/avr5\libgcc.a(_exit.o)
 .text.libgcc.fmul
                0x00000000        0x0 c:/program files (x86)/atmel/studio/7.0/toolchain/avr8/avr8-gnu-toolchain/bin/../lib/gcc/avr/5.4.0/avr5\libgcc.a(_exit.o)
 .text.libgcc.fixed
                0x00000000        0x0 c:/program files (x86)/atmel/studio/7.0/toolchain/avr8/avr8-gnu-toolchain/bin/../lib/gcc/avr/5.4.0/avr5\libgcc.a(_exit.o)
 .text          0x00000000        0x0 c:/program files (x86)/atmel/studio/7.0/toolchain/avr8/avr8-gnu-toolchain/bin/../lib/gcc/avr/5.4.0/avr5\libgcc.a(_copy_data.o)
 .data          0x00000000        0x0 c:/program files (x86)/atmel/studio/7.0/toolchain/avr8/avr8-gnu-toolchain/bin/../lib/gcc/avr/5.4.0/avr5\libgcc.a(_copy_data.o)
 .bss           0x00000000        0x0 c:/program files (x86)/atmel/studio/7.0/toolchain/avr8/avr8-gnu-toolchain/bin/../lib/gcc/avr/5.4.0/avr5\libgcc.a(_copy_data.o)
 .text.libgcc.mul
                0x00000000        0x0 c:/program files (x86)/atmel/studio/7.0/toolchain/avr8/avr8-gnu-toolchain/bin/../lib/gcc/avr/5.4.0/avr5\libgcc.a(_copy_data.o)
 .text.libgcc.div
                0x00000000        0x0 c:/program files (x86)/atmel/studio/7.0/toolchain/avr8/avr8-gnu-toolchain/bin/../lib/gcc/avr/5.4.0/avr5\libgcc.a(_copy_data.o)
 .text.libgcc   0x00000000        0x0 c:/program files (x86)/atmel/studio/7.0/toolchain/avr8/avr8-gnu-toolchain/bin/../lib/gcc/avr/5.4.0/avr5\libgcc.a(_copy_data.o)
 .text.libgcc.prologue
                0x00000000        0x0 c:/program files (x86)/atmel/studio/7.0/toolchain/avr8/avr8-gnu-toolchain/bin/../lib/gcc/avr/5.4.0/avr5\libgcc.a(_copy_data.o)
 .text.libgcc.builtins
                0x00000000        0x0 c:/program files (x86)/atmel/studio/7.0/toolchain/avr8/avr8-gnu-toolchain/bin/../lib/gcc/avr/5.4.0/avr5\libgcc.a(_copy_data.o)
 .text.libgcc.fmul
                0x00000000        0x0 c:/program files (x86)/atmel/studio/7.0/toolchain/avr8/avr8-gnu-toolchain/bin/../lib/gcc/avr/5.4.0/avr5\libgcc.a(_copy_data.o)
 .text.libgcc.fixed
                0x00000000        0x0 c:/program files (x86)/atmel/studio/7.0/toolchain/avr8/avr8-gnu-toolchain/bin/../lib/gcc/avr/5.4.0/avr5\libgcc.a(_copy_data.o)
 .text          0x00000000        0x0 c:/program files (x86)/atmel/studio/7.0/toolchain/avr8/avr8-gnu-toolchain/bin/../lib/gcc/avr/5.4.0/avr5\libgcc.a(_udivmodhi4.o)
 .data          0x00000000        0x0 c:/program files (x86)/atmel/studio/7.0/toolchain/avr8/avr8-gnu-toolchain/bin/../lib/gcc/avr/5.4.0/avr5\libgcc.a(_udivmodhi4.o)
 .bss           0x00000000        0x0 c:/program files (x86)/atmel/studio/7.0/toolchain/avr8/avr8-gnu-toolchain/bin/../lib/gcc/avr/5.4.0/avr5\libgcc.a(_udivmodhi4.o)
 .text.libgcc.mul
                0x00000000        0x0 c:/program files (x86)/atmel/studio/7.0/toolchain/avr8/avr8-gnu-toolchain/bin/../lib/gcc/avr/5.4.0/avr5\libgcc.a(_udivmodhi4.o)
 .text.libgcc.div
                0x00000000       0x28 c:/program files (x86)/atmel/studio/7.0/toolchain/avr8/avr8-gnu-toolchain/bin/../lib/gcc/avr/5.4.0/avr5\libgcc.a(_udivmodhi4.o)
 .text.libgcc   0x00000000        0x0 c:/program files (x86)/atmel/studio/7.0/toolchain/avr8/avr8-gnu-toolchain/bin/../lib/gcc/avr/5.4.0/avr5\libgcc.a(_udivmodhi4.o)
 .text.libgcc.prologue
                0x00000000        0x0 c:/program files (x86)/atmel/studio/7.0/toolchain/avr8/avr8-gnu-toolchain/bin/../lib/gcc/avr/5.4.0/avr5\libgcc.a(_udivmodhi4.o)
 .text.libgcc.builtins
                0x00000000        0x0 c:/program files (x86)/atmel/studio/7.0/toolchain/avr8/avr8-gnu-toolchain/bin/../lib/gcc/avr/5.4.0/avr5\libgcc.a(_udivmodhi4.o)
 .text.libgcc.fmul
                0x00000000        0x0 c:/program files (x86)/atmel/studio/7.0/toolchain/avr8/avr8-gnu-toolchain/bin/../lib/gcc/avr/5.4.0/avr5\libgcc.a(_udivmodhi4.o)
 .text.libgcc.fixed
                0x00000000        0x0 c:/program files (x86)/atmel/studio/7.0/toolchain/avr8/avr8-gnu-toolchain/bin/../lib/gcc/avr/5.4.0/avr5\libgcc.a(_udivmodhi4.o)

Memory Configuration

Name             Origin             Length             Attributes
text             0x00000000         0x00008000         xr
data             0x00800060         0x00000800         rw !x
eeprom           0x00810000         0x00000400         rw !x
fuse             0x00820000         0x00000002         rw !x
lock             0x00830000         0x00000400         rw !x
signature        0x00840000         0x00000400         rw !x
user_signatures  0x00850000         0x00000400         rw !x
*default*        0x00000000         0xffffffff

Linker script and memory map

LOAD C:/Program Files (x86)/Atmel/Studio/7.0/Packs/atmel/ATmega_DFP/1.7.374/gcc/dev/atmega32/avr5/crtatmega32.o
LOAD HAL/BL/SRC/BL_program.o
LOAD HAL/BUZZER/SRC/BUZZER_program.o
LOAD HAL/EEPROM/SRC/EEPROM_program.o
LOAD HAL/KYPD/SRC/KEYPAD_program.o
LOAD HAL/LCD/SRC/LCD_program.o
LOAD HAL/LED/SRC/LED_program.o
LOAD HAL/SERVO/SRC/SERVO_program.o
LOAD main.o
LOAD MCAL/DIO/SRC/DIO_program.o
LOAD MCAL/GI/SRC/GI_program.o
LOAD MCAL/PWM/SRC/PWM_program.o
LOAD MCAL/TWI/SRC/TWI_program.o
LOAD MCAL/UART/SRC/UART_program.o
START GROUP
LOAD c:/program files (x86)/atmel/studio/7.0/toolchain/avr8/avr8-gnu-toolchain/bin/../lib/gcc/avr/5.4.0/../../../../avr/lib/avr5\libm.a
END GROUP
START GROUP
LOAD c:/program files (x86)/atmel/studio/7.0/toolchain/avr8/avr8-gnu-toolchain/bin/../lib/gcc/avr/5.4.0/avr5\libgcc.a
LOAD c:/program files (x86)/atmel/studio/7.0/toolchain/avr8/avr8-gnu-toolchain/bin/../lib/gcc/avr/5.4.0/../../../../avr/lib/avr5\libm.a
LOAD c:/program files (x86)/atmel/studio/7.0/toolchain/avr8/avr8-gnu-toolchain/bin/../lib/gcc/avr/5.4.0/../../../../avr/lib/avr5\libc.a
LOAD C:/Program Files (x86)/Atmel/Studio/7.0/Packs/atmel/ATmega_DFP/1.7.374/gcc/dev/atmega32/avr5\libatmega32.a
END GROUP
                0x00000000                __TEXT_REGION_ORIGIN__ = DEFINED (__TEXT_REGION_ORIGIN__)?__TEXT_REGION_ORIGIN__:0x0
                [0x00800060]                __DATA_REGION_ORIGIN__ = DEFINED (__DATA_REGION_ORIGIN__)?__DATA_REGION_ORIGIN__:0x800060
                [0x00008000]                __TEXT_REGION_LENGTH__ = DEFINED (__TEXT_REGION_LENGTH__)?__TEXT_REGION_LENGTH__:0x20000
                [0x00000800]                __DATA_REGION_LENGTH__ = DEFINED (__DATA_REGION_LENGTH__)?__DATA_REGION_LENGTH__:0xffa0
                [0x00000400]                __EEPROM_REGION_LENGTH__ = DEFINED (__EEPROM_REGION_LENGTH__)?__EEPROM_REGION_LENGTH__:0x10000
                [0x00000002]                __FUSE_REGION_LENGTH__ = DEFINED (__FUSE_REGION_LENGTH__)?__FUSE_REGION_LENGTH__:0x400
                0x00000400                __LOCK_REGION_LENGTH__ = DEFINED (__LOCK_REGION_LENGTH__)?__LOCK_REGION_LENGTH__:0x400
                0x00000400                __SIGNATURE_REGION_LENGTH__ = DEFINED (__SIGNATURE_REGION_LENGTH__)?__SIGNATURE_REGION_LENGTH__:0x400
                0x00000400                __USER_SIGNATURE_REGION_LENGTH__ = DEFINED (__USER_SIGNATURE_REGION_LENGTH__)?__USER_SIGNATURE_REGION_LENGTH__:0x400

.hash
 *(.hash)

.dynsym
 *(.dynsym)

.dynstr
 *(.dynstr)

.gnu.version
 *(.gnu.version)

.gnu.version_d
 *(.gnu.version_d)

.gnu.version_r
 *(.gnu.version_r)

.rel.init
 *(.rel.init)

.rela.init
 *(.rela.init)

.rel.text
 *(.rel.text)
 *(.rel.text.*)
 *(.rel.gnu.linkonce.t*)

.rela.text
 *(.rela.text)
 *(.rela.text.*)
 *(.rela.gnu.linkonce.t*)

.rel.fini
 *(.rel.fini)

.rela.fini
 *(.rela.fini)

.rel.rodata
 *(.rel.rodata)
 *(.rel.rodata.*)
 *(.rel.gnu.linkonce.r*)

.rela.rodata
 *(.rela.rodata)
 *(.rela.rodata.*)
 *(.rela.gnu.linkonce.r*)

.rel.data
 *(.rel.data)
 *(.rel.data.*)
 *(.rel.gnu.linkonce.d*)

.rela.data
 *(.rela.data)
 *(.rela.data.*)
 *(.rela.gnu.linkonce.d*)

.rel.ctors
 *(.rel.ctors)

.rela.ctors
 *(.rela.ctors)

.rel.dtors
 *(.rel.dtors)

.rela.dtors
 *(.rela.dtors)

.rel.got
 *(.rel.got)

.rela.got
 *(.rela.got)

.rel.bss
 *(.rel.bss)

.rela.bss
 *(.rela.bss)

.rel.plt
 *(.rel.plt)

.rela.plt
 *(.rela.plt)

.text           0x00000000      0xe92
 *(.vectors)
 .vectors       0x00000000       0x54 C:/Program Files (x86)/Atmel/Studio/7.0/Packs/atmel/ATmega_DFP/1.7.374/gcc/dev/atmega32/avr5/crtatmega32.o
                0x00000000                __vector_default
                0x00000000                __vectors
 *(.vectors)
 *(.progmem.gcc*)
                0x00000054                . = ALIGN (0x2)
                0x00000054                __trampolines_start = .
 *(.trampolines)
 .trampolines   0x00000054        0x0 linker stubs
 *(.trampolines*)
                0x00000054                __trampolines_end = .
 *libprintf_flt.a:*(.progmem.data)
 *libc.a:*(.progmem.data)
 *(.progmem*)
                0x00000054                . = ALIGN (0x2)
 *(.jumptables)
 *(.jumptables*)
 *(.lowtext)
 *(.lowtext*)
                0x00000054                __ctors_start = .
 *(.ctors)
                0x00000054                __ctors_end = .
                0x00000054                __dtors_start = .
 *(.dtors)
                0x00000054                __dtors_end = .
 SORT(*)(.ctors)
 SORT(*)(.dtors)
 *(.init0)
 .init0         0x00000054        0x0 C:/Program Files (x86)/Atmel/Studio/7.0/Packs/atmel/ATmega_DFP/1.7.374/gcc/dev/atmega32/avr5/crtatmega32.o
                0x00000054                __init
 *(.init0)
 *(.init1)
 *(.init1)
 *(.init2)
 .init2         0x00000054        0xc C:/Program Files (x86)/Atmel/Studio/7.0/Packs/atmel/ATmega_DFP/1.7.374/gcc/dev/atmega32/avr5/crtatmega32.o
 *(.init2)
 *(.init3)
 *(.init3)
 *(.init4)
 .init4         0x00000060       0x16 c:/program files (x86)/atmel/studio/7.0/toolchain/avr8/avr8-gnu-toolchain/bin/../lib/gcc/avr/5.4.0/avr5\libgcc.a(_copy_data.o)
                0x00000060                __do_copy_data
 *(.init4)
 *(.init5)
 *(.init5)
 *(.init6)
 *(.init6)
 *(.init7)
 *(.init7)
 *(.init8)
 *(.init8)
 *(.init9)
 .init9         0x00000076        0x8 C:/Program Files (x86)/Atmel/Studio/7.0/Packs/atmel/ATmega_DFP/1.7.374/gcc/dev/atmega32/avr5/crtatmega32.o
 *(.init9)
 *(.text)
 .text          0x0000007e        0x4 C:/Program Files (x86)/Atmel/Studio/7.0/Packs/atmel/ATmega_DFP/1.7.374/gcc/dev/atmega32/avr5/crtatmega32.o
                0x0000007e                __vector_1
                0x0000007e                __vector_12
                0x0000007e                __bad_interrupt
                0x0000007e                __vector_6
                0x0000007e                __vector_3
                0x0000007e                __vector_11
                0x0000007e                __vector_13
                0x0000007e                __vector_17
                0x0000007e                __vector_19
                0x0000007e                __vector_7
                0x0000007e                __vector_5
                0x0000007e                __vector_4
                0x0000007e                __vector_9
                0x0000007e                __vector_2
                0x0000007e                __vector_15
                0x0000007e                __vector_8
                0x0000007e                __vector_14
                0x0000007e                __vector_10
                0x0000007e                __vector_16
                0x0000007e                __vector_18
                0x0000007e                __vector_20
                0x00000082                . = ALIGN (0x2)
 *(.text.*)
 .text.BL_voidInit
                0x00000082        0x6 HAL/BL/SRC/BL_program.o
                0x00000082                BL_voidInit
 .text.EEPROM_voidInit
                0x00000088        0x6 HAL/EEPROM/SRC/EEPROM_program.o
                0x00000088                EEPROM_voidInit
 .text.EEPROM_voidWritePage
                0x0000008e       0x56 HAL/EEPROM/SRC/EEPROM_program.o
                0x0000008e                EEPROM_voidWritePage
 .text.EEPROM_voidSequentialRead
                0x000000e4       0x80 HAL/EEPROM/SRC/EEPROM_program.o
                0x000000e4                EEPROM_voidSequentialRead
 .text.KEYPAD_voidInit
                0x00000164       0x72 HAL/KYPD/SRC/KEYPAD_program.o
                0x00000164                KEYPAD_voidInit
 .text.KEYPAD_voidGetValue
                0x000001d6      0x15c HAL/KYPD/SRC/KEYPAD_program.o
                0x000001d6                KEYPAD_voidGetValue
 .text.PRV_voidWriteHalfPort
                0x00000332       0x70 HAL/LCD/SRC/LCD_program.o
 .text.LCD_voidSendCommand
                0x000003a2       0x6c HAL/LCD/SRC/LCD_program.o
                0x000003a2                LCD_voidSendCommand
 .text.LCD_voidInit
                0x0000040e       0xc4 HAL/LCD/SRC/LCD_program.o
                0x0000040e                LCD_voidInit
 .text.LCD_voidDisplayChar
                0x000004d2       0x6c HAL/LCD/SRC/LCD_program.o
                0x000004d2                LCD_voidDisplayChar
 .text.LCD_voidDisplayString
                0x0000053e       0x3e HAL/LCD/SRC/LCD_program.o
                0x0000053e                LCD_voidDisplayString
 .text.LCD_voidDisplayNumber
                0x0000057c       0xa6 HAL/LCD/SRC/LCD_program.o
                0x0000057c                LCD_voidDisplayNumber
 .text.LCD_voidClear
                0x00000622        0x8 HAL/LCD/SRC/LCD_program.o
                0x00000622                LCD_voidClear
 .text.LCD_voidGoTOSpecificPosition
                0x0000062a       0x36 HAL/LCD/SRC/LCD_program.o
                0x0000062a                LCD_voidGoTOSpecificPosition
 .text.HOME_voidInit
                0x00000660       0x26 main.o
                0x00000660                HOME_voidInit
 .text.HOME_voidLocalGetUserAndPass
                0x00000686       0xe2 main.o
                0x00000686                HOME_voidLocalGetUserAndPass
 .text.HOME_voidCheckUserAndPass
                0x00000768      0x232 main.o
                0x00000768                HOME_voidCheckUserAndPass
 .text.main     0x0000099a       0xe8 main.o
                0x0000099a                main
 .text.DIO_voidSetPinDirection
                0x00000a82       0xee MCAL/DIO/SRC/DIO_program.o
                0x00000a82                DIO_voidSetPinDirection
 .text.DIO_voidSetPinValue
                0x00000b70      0x100 MCAL/DIO/SRC/DIO_program.o
                0x00000b70                DIO_voidSetPinValue
 .text.DIO_voidGetPinValue
                0x00000c70       0x76 MCAL/DIO/SRC/DIO_program.o
                0x00000c70                DIO_voidGetPinValue
 .text.DIO_voidActivePinPullUpResistance
                0x00000ce6       0x70 MCAL/DIO/SRC/DIO_program.o
                0x00000ce6                DIO_voidActivePinPullUpResistance
 .text.TWI_voidInitMaster
                0x00000d56       0x18 MCAL/TWI/SRC/TWI_program.o
                0x00000d56                TWI_voidInitMaster
 .text.TWI_voidSendStartCondition
                0x00000d6e       0x1c MCAL/TWI/SRC/TWI_program.o
                0x00000d6e                TWI_voidSendStartCondition
 .text.TWI_voidSendRepeatedStartCondition
                0x00000d8a       0x1c MCAL/TWI/SRC/TWI_program.o
                0x00000d8a                TWI_voidSendRepeatedStartCondition
 .text.TWI_voidSendStopCondition
                0x00000da6        0xe MCAL/TWI/SRC/TWI_program.o
                0x00000da6                TWI_voidSendStopCondition
 .text.TWI_voidSendSlaveAddWithWrite
                0x00000db4       0x2a MCAL/TWI/SRC/TWI_program.o
                0x00000db4                TWI_voidSendSlaveAddWithWrite
 .text.TWI_voidSendSlaveAddWithRead
                0x00000dde       0x2a MCAL/TWI/SRC/TWI_program.o
                0x00000dde                TWI_voidSendSlaveAddWithRead
 .text.TWI_voidTransmitMasterDataByte
                0x00000e08       0x18 MCAL/TWI/SRC/TWI_program.o
                0x00000e08                TWI_voidTransmitMasterDataByte
 .text.TWI_voidRecieveMasterDataByteWithAch
                0x00000e20       0x2c MCAL/TWI/SRC/TWI_program.o
                0x00000e20                TWI_voidRecieveMasterDataByteWithAch
 .text.TWI_voidRecieveMasterDataByteWithNAch
                0x00000e4c       0x20 MCAL/TWI/SRC/TWI_program.o
                0x00000e4c                TWI_voidRecieveMasterDataByteWithNAch
 .text.UART_voidInit
                0x00000e6c       0x22 MCAL/UART/SRC/UART_program.o
                0x00000e6c                UART_voidInit
                0x00000e8e                . = ALIGN (0x2)
 *(.fini9)
 .fini9         0x00000e8e        0x0 c:/program files (x86)/atmel/studio/7.0/toolchain/avr8/avr8-gnu-toolchain/bin/../lib/gcc/avr/5.4.0/avr5\libgcc.a(_exit.o)
                0x00000e8e                _exit
                0x00000e8e                exit
 *(.fini9)
 *(.fini8)
 *(.fini8)
 *(.fini7)
 *(.fini7)
 *(.fini6)
 *(.fini6)
 *(.fini5)
 *(.fini5)
 *(.fini4)
 *(.fini4)
 *(.fini3)
 *(.fini3)
 *(.fini2)
 *(.fini2)
 *(.fini1)
 *(.fini1)
 *(.fini0)
 .fini0         0x00000e8e        0x4 c:/program files (x86)/atmel/studio/7.0/toolchain/avr8/avr8-gnu-toolchain/bin/../lib/gcc/avr/5.4.0/avr5\libgcc.a(_exit.o)
 *(.fini0)
                0x00000e92                _etext = .

.data           0x00800060       0xbc load address 0x00000e92
                0x00800060                PROVIDE (__data_start, .)
 *(.data)
 *(.data*)
 *(.gnu.linkonce.d*)
 *(.rodata)
 .rodata        0x00800060       0x10 HAL/KYPD/SRC/KEYPAD_program.o
 .rodata        0x00800070       0x1b main.o
 *(.rodata*)
 .rodata.str1.1
                0x0080008b       0x90 main.o
 *(.gnu.linkonce.r*)
                0x0080011c                . = ALIGN (0x2)
 *fill*         0x0080011b        0x1 
                0x0080011c                _edata = .
                0x0080011c                PROVIDE (__data_end, .)

.bss            0x0080011c        0x0
                [!provide]                PROVIDE (__bss_start, .)
 *(.bss)
 *(.bss*)
 *(COMMON)
                [!provide]                PROVIDE (__bss_end, .)
                0x00000e92                __data_load_start = LOADADDR (.data)
                0x00000f4e                __data_load_end = (__data_load_start + SIZEOF (.data))

.noinit         0x0080011c        0x0
                [!provide]                PROVIDE (__noinit_start, .)
 *(.noinit*)
                [!provide]                PROVIDE (__noinit_end, .)
                0x0080011c                _end = .
                [!provide]                PROVIDE (__heap_start, .)

.eeprom         0x00810000        0x0
 *(.eeprom*)
                0x00810000                __eeprom_end = .

.fuse
 *(.fuse)
 *(.lfuse)
 *(.hfuse)
 *(.efuse)

.lock
 *(.lock*)

.signature
 *(.signature*)

.user_signatures
 *(.user_signatures*)

.stab
 *(.stab)

.stabstr
 *(.stabstr)

.stab.excl
 *(.stab.excl)

.stab.exclstr
 *(.stab.exclstr)

.stab.index
 *(.stab.index)

.stab.indexstr
 *(.stab.indexstr)

.comment        0x00000000       0x30
 *(.comment)
 .comment       0x00000000       0x30 HAL/BL/SRC/BL_program.o
                                 0x31 (size before relaxing)
 .comment       0x00000030       0x31 HAL/EEPROM/SRC/EEPROM_program.o
 .comment       0x00000030       0x31 HAL/KYPD/SRC/KEYPAD_program.o
 .comment       0x00000030       0x31 HAL/LCD/SRC/LCD_program.o
 .comment       0x00000030       0x31 main.o
 .comment       0x00000030       0x31 MCAL/DIO/SRC/DIO_program.o
 .comment       0x00000030       0x31 MCAL/TWI/SRC/TWI_program.o
 .comment       0x00000030       0x31 MCAL/UART/SRC/UART_program.o

.note.gnu.avr.deviceinfo
                0x00000000       0x3c
 .note.gnu.avr.deviceinfo
                0x00000000       0x3c C:/Program Files (x86)/Atmel/Studio/7.0/Packs/atmel/ATmega_DFP/1.7.374/gcc/dev/atmega32/avr5/crtatmega32.o

.note.gnu.build-id
 *(.note.gnu.build-id)

.debug
 *(.debug)

.line
 *(.line)

.debug_srcinfo
 *(.debug_srcinfo)

.debug_sfnames
 *(.debug_sfnames)

.debug_aranges  0x00000000      0x220
 *(.debug_aranges)
 .debug_aranges
                0x00000000       0x40 HAL/BL/SRC/BL_program.o
 .debug_aranges
                0x00000040       0x40 HAL/EEPROM/SRC/EEPROM_program.o
 .debug_aranges
                0x00000080       0x28 HAL/KYPD/SRC/KEYPAD_program.o
 .debug_aranges
                0x000000a8       0x60 HAL/LCD/SRC/LCD_program.o
 .debug_aranges
                0x00000108       0x38 main.o
 .debug_aranges
                0x00000140       0x40 MCAL/DIO/SRC/DIO_program.o
 .debug_aranges
                0x00000180       0x60 MCAL/TWI/SRC/TWI_program.o
 .debug_aranges
                0x000001e0       0x40 MCAL/UART/SRC/UART_program.o

.debug_pubnames
 *(.debug_pubnames)

.debug_info     0x00000000     0x281f
 *(.debug_info .gnu.linkonce.wi.*)
 .debug_info    0x00000000      0x4e6 C:/Program Files (x86)/Atmel/Studio/7.0/Packs/atmel/ATmega_DFP/1.7.374/gcc/dev/atmega32/avr5/crtatmega32.o
 .debug_info    0x000004e6      0x1d2 HAL/BL/SRC/BL_program.o
 .debug_info    0x000006b8      0x557 HAL/EEPROM/SRC/EEPROM_program.o
 .debug_info    0x00000c0f      0x379 HAL/KYPD/SRC/KEYPAD_program.o
 .debug_info    0x00000f88      0xa1a HAL/LCD/SRC/LCD_program.o
 .debug_info    0x000019a2      0x9ab main.o
 .debug_info    0x0000234d      0x1ad MCAL/DIO/SRC/DIO_program.o
 .debug_info    0x000024fa      0x198 MCAL/TWI/SRC/TWI_program.o
 .debug_info    0x00002692      0x18d MCAL/UART/SRC/UART_program.o

.debug_abbrev   0x00000000      0xcc8
 *(.debug_abbrev)
 .debug_abbrev  0x00000000      0x4a3 C:/Program Files (x86)/Atmel/Studio/7.0/Packs/atmel/ATmega_DFP/1.7.374/gcc/dev/atmega32/avr5/crtatmega32.o
 .debug_abbrev  0x000004a3       0x94 HAL/BL/SRC/BL_program.o
 .debug_abbrev  0x00000537      0x13f HAL/EEPROM/SRC/EEPROM_program.o
 .debug_abbrev  0x00000676       0xf4 HAL/KYPD/SRC/KEYPAD_program.o
 .debug_abbrev  0x0000076a      0x1a8 HAL/LCD/SRC/LCD_program.o
 .debug_abbrev  0x00000912      0x1bd main.o
 .debug_abbrev  0x00000acf       0x87 MCAL/DIO/SRC/DIO_program.o
 .debug_abbrev  0x00000b56       0x90 MCAL/TWI/SRC/TWI_program.o
 .debug_abbrev  0x00000be6       0xe2 MCAL/UART/SRC/UART_program.o

.debug_line     0x00000000     0x15f3
 *(.debug_line .debug_line.* .debug_line_end)
 .debug_line    0x00000000      0x116 C:/Program Files (x86)/Atmel/Studio/7.0/Packs/atmel/ATmega_DFP/1.7.374/gcc/dev/atmega32/avr5/crtatmega32.o
 .debug_line    0x00000116       0xe9 HAL/BL/SRC/BL_program.o
 .debug_line    0x000001ff      0x2f5 HAL/EEPROM/SRC/EEPROM_program.o
 .debug_line    0x000004f4      0x17d HAL/KYPD/SRC/KEYPAD_program.o
 .debug_line    0x00000671      0x43b HAL/LCD/SRC/LCD_program.o
 .debug_line    0x00000aac      0x537 main.o
 .debug_line    0x00000fe3      0x289 MCAL/DIO/SRC/DIO_program.o
 .debug_line    0x0000126c      0x240 MCAL/TWI/SRC/TWI_program.o
 .debug_line    0x000014ac      0x147 MCAL/UART/SRC/UART_program.o

.debug_frame    0x00000000      0x4ec
 *(.debug_frame)
 .debug_frame   0x00000000       0x64 HAL/BL/SRC/BL_program.o
 .debug_frame   0x00000064       0xbc HAL/EEPROM/SRC/EEPROM_program.o
 .debug_frame   0x00000120       0x80 HAL/KYPD/SRC/KEYPAD_program.o
 .debug_frame   0x000001a0       0xe8 HAL/LCD/SRC/LCD_program.o
 .debug_frame   0x00000288       0xcc main.o
 .debug_frame   0x00000354       0x64 MCAL/DIO/SRC/DIO_program.o
 .debug_frame   0x000003b8       0xa4 MCAL/TWI/SRC/TWI_program.o
 .debug_frame   0x0000045c       0x90 MCAL/UART/SRC/UART_program.o

.debug_str      0x00000000      0xd26
 *(.debug_str)
 .debug_str     0x00000000      0x196 C:/Program Files (x86)/Atmel/Studio/7.0/Packs/atmel/ATmega_DFP/1.7.374/gcc/dev/atmega32/avr5/crtatmega32.o
 .debug_str     0x00000196      0x22d HAL/BL/SRC/BL_program.o
                                0x254 (size before relaxing)
 .debug_str     0x000003c3      0x2a5 HAL/EEPROM/SRC/EEPROM_program.o
                                0x40a (size before relaxing)
 .debug_str     0x00000668      0x152 HAL/KYPD/SRC/KEYPAD_program.o
                                0x2dc (size before relaxing)
 .debug_str     0x000007ba      0x1bc HAL/LCD/SRC/LCD_program.o
                                0x3cb (size before relaxing)
 .debug_str     0x00000976      0x29d main.o
                                0x573 (size before relaxing)
 .debug_str     0x00000c13       0x85 MCAL/DIO/SRC/DIO_program.o
                                0x23f (size before relaxing)
 .debug_str     0x00000c98       0x3c MCAL/TWI/SRC/TWI_program.o
                                0x2b3 (size before relaxing)
 .debug_str     0x00000cd4       0x52 MCAL/UART/SRC/UART_program.o
                                0x229 (size before relaxing)

.debug_loc      0x00000000     0x1787
 *(.debug_loc)
 .debug_loc     0x00000000       0x93 HAL/BL/SRC/BL_program.o
 .debug_loc     0x00000093      0x47c HAL/EEPROM/SRC/EEPROM_program.o
 .debug_loc     0x0000050f      0x183 HAL/KYPD/SRC/KEYPAD_program.o
 .debug_loc     0x00000692      0x61c HAL/LCD/SRC/LCD_program.o
 .debug_loc     0x00000cae      0x5c5 main.o
 .debug_loc     0x00001273      0x2e4 MCAL/DIO/SRC/DIO_program.o
 .debug_loc     0x00001557       0xbf MCAL/TWI/SRC/TWI_program.o
 .debug_loc     0x00001616      0x171 MCAL/UART/SRC/UART_program.o

.debug_macinfo
 *(.debug_macinfo)

.debug_weaknames
 *(.debug_weaknames)

.debug_funcnames
 *(.debug_funcnames)

.debug_typenames
 *(.debug_typenames)

.debug_varnames
 *(.debug_varnames)

.debug_pubtypes
 *(.debug_pubtypes)

.debug_ranges   0x00000000      0x1e8
 *(.debug_ranges)
 .debug_ranges  0x00000000       0x30 HAL/BL/SRC/BL_program.o
 .debug_ranges  0x00000030       0x30 HAL/EEPROM/SRC/EEPROM_program.o
 .debug_ranges  0x00000060       0x18 HAL/KYPD/SRC/KEYPAD_program.o
 .debug_ranges  0x00000078       0x68 HAL/LCD/SRC/LCD_program.o
 .debug_ranges  0x000000e0       0x40 main.o
 .debug_ranges  0x00000120       0x30 MCAL/DIO/SRC/DIO_program.o
 .debug_ranges  0x00000150       0x50 MCAL/TWI/SRC/TWI_program.o
 .debug_ranges  0x000001a0       0x48 MCAL/UART/SRC/UART_program.o

.debug_macro
 *(.debug_macro)
OUTPUT(project_1.elf elf32-avr)
LOAD linker stubs
